10101010101010101010101010101010101010101010101010111011101110111011101110111011101110111011101100001000000000000100010100000000000000000010110000000000000000000000000001100101010000000001000101101100010101010000000100000010000000110000010000001010000000000000000000000010000000000110010000000000011001010000000000010000000000000000000000000000000000010000001000000011000001000000010100000110000001110000100000001001000010100000101100001100000011010000111000001111 3