<T> <k> @nextPacket </k> <headers> <header> <name> %standard_metadata_t </name> <opts> .Map </opts> <fields> egress_spec : 32 ( .FieldMods ) ;  ( egress_spec : 32 ( .FieldMods ) ;  .FieldDecs ) </fields> </header> <header> <name> extra_t </name> <opts> "$fixed_width" |-> 32 </opts> <fields> h : 16 ( .FieldMods ) ;  ( b1 : 8 ( .FieldMods ) ;  ( b2 : 8 ( .FieldMods ) ;  .FieldDecs ) ) </fields> </header> <header> <name> data_t </name> <opts> "$fixed_width" |-> 96 </opts> <fields> f1 : 32 ( .FieldMods ) ;  ( f2 : 32 ( .FieldMods ) ;  ( h1 : 16 ( .FieldMods ) ;  ( b1 : 8 ( .FieldMods ) ;  ( b2 : 8 ( .FieldMods ) ;  .FieldDecs ) ) ) ) </fields> </header> </headers> <arrays> extra |-> $array ( 4 , 2 , 1 ) </arrays> <fieldLists> .FieldListCellBag </fieldLists> <fieldListCalcs> .FieldListCalcCellBag </fieldListCalcs> <calcFields> .CalcFieldCellBag </calcFields> <instances> <instance> <valid> true </valid> <metadata> true </metadata> <typeName> %standard_metadata_t </typeName> <name> standard_metadata </name> <fieldVals> ingress_port |-> @val ( 0 , 32 , false ) egress_spec |-> @val ( 2 , 32 , false ) </fieldVals> </instance> <instance> <valid> true </valid> <metadata> false </metadata> <typeName> extra_t </typeName> <name> $element ( extra , 0 ) </name> <fieldVals> h |-> @val ( 9509 , 16 , false ) b2 |-> @val ( 255 , 8 , false ) b1 |-> @val ( 39 , 8 , false ) </fieldVals> </instance> <instance> <valid> true </valid> <metadata> false </metadata> <typeName> extra_t </typeName> <name> $element ( extra , 1 ) </name> <fieldVals> h |-> @val ( 13107 , 16 , false ) b2 |-> @val ( 127 , 8 , false ) b1 |-> @val ( 40 , 8 , false ) </fieldVals> </instance> <instance> <valid> false </valid> <metadata> false </metadata> <typeName> extra_t </typeName> <name> $element ( extra , 2 ) </name> <fieldVals> .Map </fieldVals> </instance> <instance> <valid> false </valid> <metadata> false </metadata> <typeName> extra_t </typeName> <name> $element ( extra , 3 ) </name> <fieldVals> .Map </fieldVals> </instance> <instance> <valid> true </valid> <metadata> false </metadata> <typeName> data_t </typeName> <name> data </name> <fieldVals> h1 |-> @val ( 771 , 16 , false ) f2 |-> @val ( 33686018 , 32 , false ) f1 |-> @val ( 16843009 , 32 , false ) b2 |-> @val ( 102 , 8 , false ) b1 |-> @val ( 127 , 8 , false ) </fieldVals> </instance> </instances> <initInstances> <instances>-fragment <instance> <valid> true </valid> <metadata> true </metadata> <typeName> %standard_metadata_t </typeName> <name> standard_metadata </name> <fieldVals> ingress_port |-> @undef egress_spec |-> @undef </fieldVals> </instance> <instance> <valid> false </valid> <metadata> false </metadata> <typeName> extra_t </typeName> <name> $element ( extra , 0 ) </name> <fieldVals> .Map </fieldVals> </instance> <instance> <valid> false </valid> <metadata> false </metadata> <typeName> extra_t </typeName> <name> $element ( extra , 1 ) </name> <fieldVals> .Map </fieldVals> </instance> <instance> <valid> false </valid> <metadata> false </metadata> <typeName> extra_t </typeName> <name> $element ( extra , 2 ) </name> <fieldVals> .Map </fieldVals> </instance> <instance> <valid> false </valid> <metadata> false </metadata> <typeName> extra_t </typeName> <name> $element ( extra , 3 ) </name> <fieldVals> .Map </fieldVals> </instance> <instance> <valid> false </valid> <metadata> false </metadata> <typeName> data_t </typeName> <name> data </name> <fieldVals> .Map </fieldVals> </instance> </instances>-fragment </initInstances> <initArrays> extra |-> $array ( 4 , 0 , -1 ) </initArrays> <parserStates> <state> <name> extra </name> <body> ( extract ( extra [ next ] ) ; .ExtractOrSetStatements ) return select ( ( latest . b2 ) , .FieldOrDataRefs ) { ( ( 0x80 mask 0x80 ) , .ValueOrMaskeds ) : extra ;  ( default : ingress ;  .CaseEntries ) } </body> </state> <state> <name> start </name> <body> ( extract ( data ) ; .ExtractOrSetStatements ) return extra ; </body> </state> </parserStates> <valueSets> .ValueSetCellBag </valueSets> <exceptionHandlers> .ExceptionHandlerCellBag </exceptionHandlers> <handledExceptions> .Set </handledExceptions> <statefuls> .StatefulCellBag </statefuls> <tableDirects> .Map </tableDirects> <actions> <action> <name> act3 </name> <params> val , .ParamList </params> <body> modify_field ( ( extra [ 0 ] . b1 ) , ( val , .Args ) ) ;  .ActionStatements </body> </action> <action> <name> act2 </name> <params> val , .ParamList </params> <body> modify_field ( ( extra [ 0 ] . b1 ) , ( val , .Args ) ) ;  .ActionStatements </body> </action> <action> <name> act1 </name> <params> val , .ParamList </params> <body> modify_field ( ( extra [ 0 ] . b1 ) , ( val , .Args ) ) ;  .ActionStatements </body> </action> <action> <name> set2b2 </name> <params> val , .ParamList </params> <body> modify_field ( ( extra [ 2 ] . b2 ) , ( val , .Args ) ) ;  .ActionStatements </body> </action> <action> <name> set1b1 </name> <params> val , .ParamList </params> <body> modify_field ( ( extra [ 1 ] . b1 ) , ( val , .Args ) ) ;  .ActionStatements </body> </action> <action> <name> set0b1 </name> <params> val , .ParamList </params> <body> modify_field ( ( extra [ 0 ] . b1 ) , ( val , .Args ) ) ;  .ActionStatements </body> </action> <action> <name> setb2 </name> <params> val , .ParamList </params> <body> modify_field ( ( data . b2 ) , ( val , .Args ) ) ;  .ActionStatements </body> </action> <action> <name> noop </name> <params> .ParamList </params> <body> .ActionStatements </body> </action> <action> <name> setb1 </name> <params> port , ( val , .ParamList ) </params> <body> modify_field ( ( data . b1 ) , ( val , .Args ) ) ;  ( modify_field ( ( standard_metadata . egress_spec ) , ( port , .Args ) ) ;  .ActionStatements ) </body> </action> </actions> <actionProfiles> .ActionProfileCellBag </actionProfiles> <actionSelectors> .ActionSelectorCellBag </actionSelectors> <tables> <table> <name> tbl3 </name> <reads> ( data . f2 ) : ternary ;  .FieldMatchs </reads> <acts> actions { set2b2 ;  ( noop ;  .ActionNameItems ) } </acts> <opts> .TableOptionals </opts> <rules> .List </rules> <default> . </default> </table> <table> <name> tbl2 </name> <reads> ( data . f2 ) : ternary ;  .FieldMatchs </reads> <acts> actions { set1b1 ;  ( noop ;  .ActionNameItems ) } </acts> <opts> .TableOptionals </opts> <rules> ListItem ( $rule ( 5 , $ctr ( ListItem ( $pair ( @val ( 33685504 , 32 , false ) , @val ( 4294901760 , 32 , false ) ) ) ) , @call ( set1b1 , $resolved ( ListItem ( @val ( 40 , 0 , false ) ) ) ) ) ) </rules> <default> . </default> </table> <table> <name> tbl1 </name> <reads> ( data . f2 ) : ternary ;  .FieldMatchs </reads> <acts> actions { setb2 ;  ( noop ;  .ActionNameItems ) } </acts> <opts> .TableOptionals </opts> <rules> ListItem ( $rule ( 3 , $ctr ( ListItem ( $pair ( @val ( 33685504 , 32 , false ) , @val ( 4294901760 , 32 , false ) ) ) ) , @call ( setb2 , $resolved ( ListItem ( @val ( 38 , 0 , false ) ) ) ) ) ) </rules> <default> . </default> </table> <table> <name> ex1 </name> <reads> ( extra [ 0 ] . h ) : ternary ;  .FieldMatchs </reads> <acts> actions { set0b1 ;  ( act1 ;  ( act2 ;  ( act3 ;  ( noop ;  .ActionNameItems ) ) ) ) } </acts> <opts> .TableOptionals </opts> <rules> ListItem ( $rule ( 4 , $ctr ( ListItem ( $pair ( @val ( 9509 , 16 , false ) , @val ( 65535 , 16 , false ) ) ) ) , @call ( act2 , $resolved ( ListItem ( @val ( 39 , 0 , false ) ) ) ) ) ) ListItem ( $rule ( 2 , $ctr ( ListItem ( $pair ( @val ( 9472 , 16 , false ) , @val ( 65280 , 16 , false ) ) ) ) , @call ( act1 , $resolved ( ListItem ( @val ( 37 , 0 , false ) ) ) ) ) ) </rules> <default> . </default> </table> <table> <name> test1 </name> <reads> ( data . f1 ) : ternary ;  .FieldMatchs </reads> <acts> actions { setb1 ;  ( noop ;  .ActionNameItems ) } </acts> <opts> .TableOptionals </opts> <rules> ListItem ( $rule ( 1 , $ctr ( ListItem ( $pair ( @val ( 514 , 32 , false ) , @val ( 65535 , 32 , false ) ) ) ) , @call ( setb1 , $resolved ( ListItem ( @val ( 3 , 0 , false ) ) ListItem ( @val ( 7 , 0 , false ) ) ) ) ) ) ListItem ( $rule ( 0 , $ctr ( ListItem ( $pair ( @val ( 257 , 32 , false ) , @val ( 65535 , 32 , false ) ) ) ) , @call ( setb1 , $resolved ( ListItem ( @val ( 2 , 0 , false ) ) ListItem ( @val ( 127 , 0 , false ) ) ) ) ) ) </rules> <default> . </default> </table> </tables> <controlFlows> <control> <name> ingress </name> <body> apply ( test1 ) { .HitMissCases }  ( apply ( ex1 ) { ( act1 { apply ( tbl1 ) { .HitMissCases }  .ControlStatements } )  ( ( act2 { apply ( tbl2 ) { .HitMissCases }  .ControlStatements } )  ( ( act3 { apply ( tbl3 ) { .HitMissCases }  .ControlStatements } )  .ActionCases ) ) }  .ControlStatements ) </body> </control> </controlFlows> <cfset> SetItem ( ingress ) </cfset> <calcFieldSet> .Set </calcFieldSet> <ctx> <frameStack> .List </frameStack> <crnt> "$rule" |-> . "$table" |-> . "$action" |-> set1b1 "$miss" |-> false </crnt> </ctx> <packet> "000000010000000100000001000000010000001000000010000000100000001000000011000000110101010101100110001001010010010111111111111111110011001100110011111111110111111100000001000000100000001100000100" </packet> <packetout> .List </packetout> <parser> <graph> <onpath> .Set </onpath> <marked> <mstates> SetItem ( start ) SetItem ( extra ) </mstates> <mheaders> SetItem ( data ) SetItem ( extra ) </mheaders> </marked> <dporder> ListItem ( data ) ListItem ( extra ) </dporder> </graph> <pctx> <index> 160 </index> <lastExt> $element ( extra , 1 ) </lastExt> <varWidth> . </varWidth> <packetSize> @val ( 24 , 0 , false ) </packetSize> </pctx> </parser> <buffer> <in> .List </in> <out> ListItem ( $packet ( ListItem ( @val ( 257 , 32 , false ) ) ListItem ( @val ( 514 , 32 , false ) ) ListItem ( @val ( 771 , 16 , false ) ) ListItem ( @val ( 127 , 8 , false ) ) ListItem ( @val ( 102 , 8 , false ) ) ListItem ( @val ( 30583 , 16 , false ) ) ListItem ( @val ( 136 , 8 , false ) ) ListItem ( @val ( 0 , 8 , false ) ) , 2 ) ) ListItem ( $packet ( ListItem ( @val ( 514 , 32 , false ) ) ListItem ( @val ( 771 , 32 , false ) ) ListItem ( @val ( 1028 , 16 , false ) ) ListItem ( @val ( 7 , 8 , false ) ) ListItem ( @val ( 102 , 8 , false ) ) ListItem ( @val ( 30583 , 16 , false ) ) ListItem ( @val ( 136 , 8 , false ) ) ListItem ( @val ( 0 , 8 , false ) ) , 3 ) ) ListItem ( $packet ( ListItem ( @val ( 16843009 , 32 , false ) ) ListItem ( @val ( 33686018 , 32 , false ) ) ListItem ( @val ( 771 , 16 , false ) ) ListItem ( @val ( 127 , 8 , false ) ) ListItem ( @val ( 38 , 8 , false ) ) ListItem ( @val ( 9472 , 16 , false ) ) ListItem ( @val ( 37 , 8 , false ) ) ListItem ( @val ( 127 , 8 , false ) ) ListItem ( @val ( 16909060 , 32 , false ) ) , 2 ) ) ListItem ( $packet ( ListItem ( @val ( 16843009 , 32 , false ) ) ListItem ( @val ( 33686018 , 32 , false ) ) ListItem ( @val ( 771 , 16 , false ) ) ListItem ( @val ( 127 , 8 , false ) ) ListItem ( @val ( 102 , 8 , false ) ) ListItem ( @val ( 9509 , 16 , false ) ) ListItem ( @val ( 39 , 8 , false ) ) ListItem ( @val ( 255 , 8 , false ) ) ListItem ( @val ( 13107 , 16 , false ) ) ListItem ( @val ( 40 , 8 , false ) ) ListItem ( @val ( 127 , 8 , false ) ) ListItem ( @val ( 16909060 , 32 , false ) ) , 2 ) ) </out> </buffer> </T>
