00000000000000000000000100000001************************************************************************************************0110011001100110 2
00000000000000000000001000000010************************************************************************************************0110011001100110 3