00000000000000000000000100000001************************************************0111111101100110 2
00000000000000000000001000000010************************************************0000011101100110 3
0000000100000001000000010000000100000010000000100000001000000010000000110000001101111111001001100010010100000000001001010111111100000001000000100000001100000100 2
000000010000000100000001000000010000001000000010000000100000001000000011000000110111111101100110001001010010010100100111111111110011001100110011001010000111111100000001000000100000001100000100 2