0000000000000011000000110000001100000011000000110000000100000011000000110000001100000011000000110000100000000000010001010000000000000000001011000000000000000000000000000110010100111111000100010110****010101010000000100000010000000110000010000001010000000000000000000000010000000000110010000000000011001010000000000010000000000000000000000000000000000010000001000000011000001000000010100000110000001110000100000001001000010100000101100001100000011010000111000001111 3
0000000000000001000000010000000100000001000000010000000100000001000000010000000100000001000000010000100000000000010001010000000000000000001011000000000000000000000000000110010100111111000100011011****101011000000000100000010000000110000010011000000101010000000000100000010000000000110010000000000011001010000000000010000000000000000000000000000000000010000001000000011000001000000010100000110000001110000100000001001000010100000101100001100000011010000111000001111 1