00000001000000010000000100000001********************************010100010100000100110001001000010001000100000001********01100110 2
00000010000000100000001000000010********************************000000000000000000000000000000000000000000000000********01100110 3