<T> <k> @nextPacket </k> <headers> <header> <name> %standard_metadata_t </name> <opts> .Map </opts> <fields> egress_spec : 32 ( .FieldMods ) ;  ( egress_spec : 32 ( .FieldMods ) ;  .FieldDecs ) </fields> </header> <header> <name> ethernet_t </name> <opts> "$fixed_width" |-> 48 </opts> <fields> dstAddr : 48 ( .FieldMods ) ;  .FieldDecs </fields> </header> </headers> <arrays> .Map </arrays> <fieldLists> .FieldListCellBag </fieldLists> <fieldListCalcs> .FieldListCalcCellBag </fieldListCalcs> <calcFields> .CalcFieldCellBag </calcFields> <instances> <instance> <valid> true </valid> <metadata> true </metadata> <typeName> %standard_metadata_t </typeName> <name> standard_metadata </name> <fieldVals> ingress_port |-> @val ( 0 , 32 , false ) egress_spec |-> @val ( 3 , 32 , false ) </fieldVals> </instance> <instance> <valid> true </valid> <metadata> false </metadata> <typeName> ethernet_t </typeName> <name> ethernet </name> <fieldVals> dstAddr |-> @val ( 195381077259702 , 48 , false ) </fieldVals> </instance> </instances> <initInstances> <instances>-fragment <instance> <valid> true </valid> <metadata> true </metadata> <typeName> %standard_metadata_t </typeName> <name> standard_metadata </name> <fieldVals> ingress_port |-> @undef egress_spec |-> @undef </fieldVals> </instance> <instance> <valid> false </valid> <metadata> false </metadata> <typeName> ethernet_t </typeName> <name> ethernet </name> <fieldVals> .Map </fieldVals> </instance> </instances>-fragment </initInstances> <initArrays> .Map </initArrays> <parserStates> <state> <name> parse_ethernet </name> <body> ( extract ( ethernet ) ; .ExtractOrSetStatements ) return ingress ; </body> </state> <state> <name> start </name> <body> .ExtractOrSetStatements return parse_ethernet ; </body> </state> </parserStates> <valueSets> .ValueSetCellBag </valueSets> <exceptionHandlers> .ExceptionHandlerCellBag </exceptionHandlers> <handledExceptions> .Set </handledExceptions> <statefuls> <stateful> <stype> $counter </stype> <name> cnt </name> <opts> "$counter_type" |-> packets "$table" |-> tab1 "$saturating" |-> false "$signed" |-> false "$binding" |-> $direct </opts> <vals> 0 |-> @val ( 3 , 0 , false ) 1 |-> @val ( 20 , 0 , false ) </vals> <width> 0 </width> </stateful> </statefuls> <tableDirects> tab1 |-> SetItem ( cnt ) </tableDirects> <actions> <action> <name> act </name> <params> port , .ParamList </params> <body> modify_field ( ( standard_metadata . egress_spec ) , ( port , .Args ) ) ;  .ActionStatements </body> </action> </actions> <actionProfiles> .ActionProfileCellBag </actionProfiles> <actionSelectors> .ActionSelectorCellBag </actionSelectors> <tables> <table> <name> tab1 </name> <reads> ( ethernet . dstAddr ) : exact ;  .FieldMatchs </reads> <acts> actions { act ;  .ActionNameItems } </acts> <opts> size : 128 ;  .TableOptionals </opts> <rules> ListItem ( $rule ( 0 , $ctr ( ListItem ( @val ( 177719902250406 , 0 , false ) ) ) , @call ( act , $resolved ( ListItem ( @val ( 2 , 0 , false ) ) ) ) ) ) ListItem ( $rule ( 1 , $ctr ( ListItem ( @val ( 195381077259702 , 0 , false ) ) ) , @call ( act , $resolved ( ListItem ( @val ( 3 , 0 , false ) ) ) ) ) ) ListItem ( $rule ( 2 , $ctr ( ListItem ( @val ( 213042252268998 , 0 , false ) ) ) , @call ( act , $resolved ( ListItem ( @val ( 5 , 0 , false ) ) ) ) ) ) </rules> <default> . </default> </table> </tables> <controlFlows> <control> <name> egress </name> <body> .ControlStatements </body> </control> <control> <name> ingress </name> <body> apply ( tab1 ) { .HitMissCases }  .ControlStatements </body> </control> </controlFlows> <cfset> SetItem ( ingress ) SetItem ( egress ) </cfset> <calcFieldSet> .Set </calcFieldSet> <ctx> <frameStack> .List </frameStack> <crnt> "$rule" |-> . "$table" |-> . "$action" |-> act "$miss" |-> false </crnt> </ctx> <packet> "1011000110110010101100111011010010110101101101100000000000100000" </packet> <packetout> .List </packetout> <parser> <graph> <onpath> .Set </onpath> <marked> <mstates> SetItem ( parse_ethernet ) SetItem ( start ) </mstates> <mheaders> SetItem ( ethernet ) </mheaders> </marked> <dporder> ListItem ( ethernet ) </dporder> </graph> <pctx> <index> 48 </index> <lastExt> ethernet </lastExt> <varWidth> . </varWidth> <packetSize> @val ( 8 , 0 , false ) </packetSize> </pctx> </parser> <buffer> <in> .List </in> <out> ListItem ( $packet ( ListItem ( @val ( 177719902250406 , 48 , false ) ) , 2 ) ) ListItem ( $packet ( ListItem ( @val ( 177719902250406 , 48 , false ) ) , 2 ) ) ListItem ( $packet ( ListItem ( @val ( 177719902250406 , 48 , false ) ) , 2 ) ) ListItem ( $packet ( ListItem ( @val ( 195381077259702 , 48 , false ) ) ListItem ( @val ( 1 , 16 , false ) ) , 3 ) ) ListItem ( $packet ( ListItem ( @val ( 195381077259702 , 48 , false ) ) ListItem ( @val ( 2 , 16 , false ) ) , 3 ) ) ListItem ( $packet ( ListItem ( @val ( 195381077259702 , 48 , false ) ) ListItem ( @val ( 3 , 16 , false ) ) , 3 ) ) ListItem ( $packet ( ListItem ( @val ( 195381077259702 , 48 , false ) ) ListItem ( @val ( 4 , 16 , false ) ) , 3 ) ) ListItem ( $packet ( ListItem ( @val ( 195381077259702 , 48 , false ) ) ListItem ( @val ( 5 , 16 , false ) ) , 3 ) ) ListItem ( $packet ( ListItem ( @val ( 195381077259702 , 48 , false ) ) ListItem ( @val ( 6 , 16 , false ) ) , 3 ) ) ListItem ( $packet ( ListItem ( @val ( 195381077259702 , 48 , false ) ) ListItem ( @val ( 7 , 16 , false ) ) , 3 ) ) ListItem ( $packet ( ListItem ( @val ( 195381077259702 , 48 , false ) ) ListItem ( @val ( 8 , 16 , false ) ) , 3 ) ) ListItem ( $packet ( ListItem ( @val ( 195381077259702 , 48 , false ) ) ListItem ( @val ( 9 , 16 , false ) ) , 3 ) ) ListItem ( $packet ( ListItem ( @val ( 195381077259702 , 48 , false ) ) ListItem ( @val ( 16 , 16 , false ) ) , 3 ) ) ListItem ( $packet ( ListItem ( @val ( 195381077259702 , 48 , false ) ) ListItem ( @val ( 17 , 16 , false ) ) , 3 ) ) ListItem ( $packet ( ListItem ( @val ( 195381077259702 , 48 , false ) ) ListItem ( @val ( 18 , 16 , false ) ) , 3 ) ) ListItem ( $packet ( ListItem ( @val ( 195381077259702 , 48 , false ) ) ListItem ( @val ( 19 , 16 , false ) ) , 3 ) ) ListItem ( $packet ( ListItem ( @val ( 195381077259702 , 48 , false ) ) ListItem ( @val ( 20 , 16 , false ) ) , 3 ) ) ListItem ( $packet ( ListItem ( @val ( 195381077259702 , 48 , false ) ) ListItem ( @val ( 21 , 16 , false ) ) , 3 ) ) ListItem ( $packet ( ListItem ( @val ( 195381077259702 , 48 , false ) ) ListItem ( @val ( 22 , 16 , false ) ) , 3 ) ) ListItem ( $packet ( ListItem ( @val ( 195381077259702 , 48 , false ) ) ListItem ( @val ( 23 , 16 , false ) ) , 3 ) ) ListItem ( $packet ( ListItem ( @val ( 195381077259702 , 48 , false ) ) ListItem ( @val ( 24 , 16 , false ) ) , 3 ) ) ListItem ( $packet ( ListItem ( @val ( 195381077259702 , 48 , false ) ) ListItem ( @val ( 25 , 16 , false ) ) , 3 ) ) ListItem ( $packet ( ListItem ( @val ( 195381077259702 , 48 , false ) ) ListItem ( @val ( 32 , 16 , false ) ) , 3 ) ) </out> </buffer> </T>
