<T> <k> @nextPacket </k> <headers> <header> <name> %standard_metadata_t </name> <opts> .Map </opts> <fields> egress_spec : 32 ( .FieldMods ) ;  ( egress_spec : 32 ( .FieldMods ) ;  .FieldDecs ) </fields> </header> <header> <name> data_t </name> <opts> "$fixed_width" |-> 160 </opts> <fields> f1 : 32 ( .FieldMods ) ;  ( f2 : 32 ( .FieldMods ) ;  ( f3 : 32 ( .FieldMods ) ;  ( f4 : 32 ( .FieldMods ) ;  ( b1 : 8 ( .FieldMods ) ;  ( b2 : 8 ( .FieldMods ) ;  ( b3 : 8 ( .FieldMods ) ;  ( b4 : 8 ( .FieldMods ) ;  .FieldDecs ) ) ) ) ) ) ) </fields> </header> </headers> <arrays> .Map </arrays> <fieldLists> .FieldListCellBag </fieldLists> <fieldListCalcs> .FieldListCalcCellBag </fieldListCalcs> <calcFields> .CalcFieldCellBag </calcFields> <instances> <instance> <valid> true </valid> <metadata> true </metadata> <typeName> %standard_metadata_t </typeName> <name> standard_metadata </name> <fieldVals> ingress_port |-> @val ( 0 , 32 , false ) egress_spec |-> @val ( 3 , 32 , false ) </fieldVals> </instance> <instance> <valid> true </valid> <metadata> false </metadata> <typeName> data_t </typeName> <name> data2 </name> <fieldVals> f2 |-> @val ( 33686018 , 32 , false ) f1 |-> @val ( 16843009 , 32 , false ) b4 |-> @val ( 68 , 8 , false ) b3 |-> @val ( 51 , 8 , false ) f4 |-> @val ( 67372036 , 32 , false ) f3 |-> @val ( 50529027 , 32 , false ) b2 |-> @val ( 34 , 8 , false ) b1 |-> @val ( 17 , 8 , false ) </fieldVals> </instance> <instance> <valid> true </valid> <metadata> false </metadata> <typeName> data_t </typeName> <name> data </name> <fieldVals> f2 |-> @val ( 4075946498 , 32 , false ) f1 |-> @val ( 16843009 , 32 , false ) b4 |-> @val ( 68 , 8 , false ) b3 |-> @val ( 51 , 8 , false ) f4 |-> @val ( 67372036 , 32 , false ) f3 |-> @val ( 50529027 , 32 , false ) b2 |-> @val ( 34 , 8 , false ) b1 |-> @val ( 170 , 8 , false ) </fieldVals> </instance> </instances> <initInstances> <instances>-fragment <instance> <valid> true </valid> <metadata> true </metadata> <typeName> %standard_metadata_t </typeName> <name> standard_metadata </name> <fieldVals> ingress_port |-> @undef egress_spec |-> @undef </fieldVals> </instance> <instance> <valid> false </valid> <metadata> false </metadata> <typeName> data_t </typeName> <name> data2 </name> <fieldVals> .Map </fieldVals> </instance> <instance> <valid> false </valid> <metadata> false </metadata> <typeName> data_t </typeName> <name> data </name> <fieldVals> .Map </fieldVals> </instance> </instances>-fragment </initInstances> <initArrays> .Map </initArrays> <parserStates> <state> <name> parse_data2 </name> <body> ( extract ( data2 ) ; .ExtractOrSetStatements ) return ingress ; </body> </state> <state> <name> start </name> <body> ( extract ( data ) ; .ExtractOrSetStatements ) return select ( ( data . f2 ) , .FieldOrDataRefs ) { ( ( 0xf0000000 mask 0xf0000000 ) , .ValueOrMaskeds ) : parse_data2 ;  ( default : ingress ;  .CaseEntries ) } </body> </state> </parserStates> <valueSets> .ValueSetCellBag </valueSets> <exceptionHandlers> .ExceptionHandlerCellBag </exceptionHandlers> <handledExceptions> .Set </handledExceptions> <statefuls> .StatefulCellBag </statefuls> <tableDirects> .Map </tableDirects> <actions> <action> <name> setb1 </name> <params> val , ( port , .ParamList ) </params> <body> modify_field ( ( data . b1 ) , ( val , .Args ) ) ;  ( modify_field ( ( standard_metadata . egress_spec ) , ( port , .Args ) ) ;  .ActionStatements ) </body> </action> <action> <name> noop </name> <params> .ParamList </params> <body> .ActionStatements </body> </action> </actions> <actionProfiles> .ActionProfileCellBag </actionProfiles> <actionSelectors> .ActionSelectorCellBag </actionSelectors> <tables> <table> <name> test1 </name> <reads> data : valid ;  ( data2 : valid ;  .FieldMatchs ) </reads> <acts> actions { setb1 ;  ( noop ;  .ActionNameItems ) } </acts> <opts> .TableOptionals </opts> <rules> ListItem ( $rule ( 0 , $ctr ( ListItem ( @val ( 1 , 0 , false ) ) ListItem ( @val ( 1 , 0 , false ) ) ) , @call ( setb1 , $resolved ( ListItem ( @val ( 170 , 0 , false ) ) ListItem ( @val ( 3 , 0 , false ) ) ) ) ) ) ListItem ( $rule ( 1 , $ctr ( ListItem ( @val ( 1 , 0 , false ) ) ListItem ( @val ( 0 , 0 , false ) ) ) , @call ( setb1 , $resolved ( ListItem ( @val ( 187 , 0 , false ) ) ListItem ( @val ( 2 , 0 , false ) ) ) ) ) ) </rules> <default> . </default> </table> </tables> <controlFlows> <control> <name> ingress </name> <body> apply ( test1 ) { .HitMissCases }  .ControlStatements </body> </control> </controlFlows> <cfset> SetItem ( ingress ) </cfset> <calcFieldSet> .Set </calcFieldSet> <ctx> <frameStack> .List </frameStack> <crnt> "$rule" |-> . "$table" |-> . "$action" |-> setb1 "$miss" |-> false </crnt> </ctx> <packet> "000000010000000100000001000000011111001011110010000000100000001000000011000000110000001100000011000001000000010000000100000001000001000100100010001100110100010000000001000000010000000100000001000000100000001000000010000000100000001100000011000000110000001100000100000001000000010000000100000100010010001000110011010001000101010101100110" </packet> <packetout> .List </packetout> <parser> <graph> <onpath> .Set </onpath> <marked> <mstates> SetItem ( start ) SetItem ( parse_data2 ) </mstates> <mheaders> SetItem ( data2 ) SetItem ( data ) </mheaders> </marked> <dporder> ListItem ( data ) ListItem ( data2 ) </dporder> </graph> <pctx> <index> 320 </index> <lastExt> data2 </lastExt> <varWidth> . </varWidth> <packetSize> @val ( 42 , 0 , false ) </packetSize> </pctx> </parser> <buffer> <in> .List </in> <out> ListItem ( $packet ( ListItem ( @val ( 16843009 , 32 , false ) ) ListItem ( @val ( 33686018 , 32 , false ) ) ListItem ( @val ( 50529027 , 32 , false ) ) ListItem ( @val ( 67372036 , 32 , false ) ) ListItem ( @val ( 187 , 8 , false ) ) ListItem ( @val ( 34 , 8 , false ) ) ListItem ( @val ( 51 , 8 , false ) ) ListItem ( @val ( 68 , 8 , false ) ) ListItem ( @val ( 375611652260465877847527879208524689022127928792422 , 176 , false ) ) , 2 ) ) ListItem ( $packet ( ListItem ( @val ( 16843009 , 32 , false ) ) ListItem ( @val ( 4075946498 , 32 , false ) ) ListItem ( @val ( 50529027 , 32 , false ) ) ListItem ( @val ( 67372036 , 32 , false ) ) ListItem ( @val ( 170 , 8 , false ) ) ListItem ( @val ( 34 , 8 , false ) ) ListItem ( @val ( 51 , 8 , false ) ) ListItem ( @val ( 68 , 8 , false ) ) ListItem ( @val ( 16843009 , 32 , false ) ) ListItem ( @val ( 33686018 , 32 , false ) ) ListItem ( @val ( 50529027 , 32 , false ) ) ListItem ( @val ( 67372036 , 32 , false ) ) ListItem ( @val ( 17 , 8 , false ) ) ListItem ( @val ( 34 , 8 , false ) ) ListItem ( @val ( 51 , 8 , false ) ) ListItem ( @val ( 68 , 8 , false ) ) ListItem ( @val ( 21862 , 16 , false ) ) , 3 ) ) </out> </buffer> </T>
