00000001000000010000000100000001************************************************0111111101100110 2
00000010000000100000001000000010************************************************0000011101100110 3