000000010000001000000011000001000000010100000110000001110000100000001001000010100000101100001100000011010000111000001111000100000001000100010010000100110001010000010101000101100001011100011000000110010001101000011011000111000001110100011110000111110010000000100001001000100010001100100100001001010010011000100111001010000010100100101010001010110010110000101101001011100010111100110000********************************************************************************************************************************0111111101100110 2
000000100000001000000010000000100000001000000010000000100000001000000010000000100000001000000010000000100000001000000010000000100000001000000010000000100000001000000010000000100000001000000010000000100000001000000010000000100000001000000010000000100000001000000010000000100000001000000010000000100000001000000010000000100000001000000010000000100000001000000010000000100000001000000010********************************************************************************************************************************0000011101100110 3