<T> <k> @nextPacket </k> <headers> <header> <name> %standard_metadata_t </name> <opts> .Map </opts> <fields> egress_spec : 32 ( .FieldMods ) ;  ( egress_spec : 32 ( .FieldMods ) ;  .FieldDecs ) </fields> </header> <header> <name> data_t </name> <opts> "$fixed_width" |-> 144 </opts> <fields> f4 : 128 ( .FieldMods ) ;  ( b1 : 8 ( .FieldMods ) ;  ( b2 : 8 ( .FieldMods ) ;  .FieldDecs ) ) </fields> </header> <header> <name> data3_t </name> <opts> "$fixed_width" |-> 128 </opts> <fields> f3 : 128 ( .FieldMods ) ;  .FieldDecs </fields> </header> <header> <name> data2_t </name> <opts> "$fixed_width" |-> 128 </opts> <fields> f2 : 128 ( .FieldMods ) ;  .FieldDecs </fields> </header> <header> <name> data1_t </name> <opts> "$fixed_width" |-> 128 </opts> <fields> f1 : 128 ( .FieldMods ) ;  .FieldDecs </fields> </header> </headers> <arrays> .Map </arrays> <fieldLists> .FieldListCellBag </fieldLists> <fieldListCalcs> .FieldListCalcCellBag </fieldListCalcs> <calcFields> .CalcFieldCellBag </calcFields> <instances> <instance> <valid> true </valid> <metadata> true </metadata> <typeName> %standard_metadata_t </typeName> <name> standard_metadata </name> <fieldVals> ingress_port |-> @val ( 2 , 32 , false ) egress_spec |-> @val ( 3 , 32 , false ) </fieldVals> </instance> <instance> <valid> true </valid> <metadata> false </metadata> <typeName> data_t </typeName> <name> data </name> <fieldVals> f4 |-> @val ( 61084913312720243968763869790979 , 128 , false ) b2 |-> @val ( 102 , 8 , false ) b1 |-> @val ( 7 , 8 , false ) </fieldVals> </instance> <instance> <valid> true </valid> <metadata> false </metadata> <typeName> data3_t </typeName> <name> data3 </name> <fieldVals> f3 |-> @val ( 2668881309183831085987251822994260482 , 128 , false ) </fieldVals> </instance> <instance> <valid> true </valid> <metadata> false </metadata> <typeName> data2_t </typeName> <name> data2 </name> <fieldVals> f2 |-> @val ( 2668881309183831085987251822994260482 , 128 , false ) </fieldVals> </instance> <instance> <valid> true </valid> <metadata> false </metadata> <typeName> data1_t </typeName> <name> data1 </name> <fieldVals> f1 |-> @val ( 2668881309183831085987251822994260482 , 128 , false ) </fieldVals> </instance> </instances> <initInstances> <instances>-fragment <instance> <valid> true </valid> <metadata> true </metadata> <typeName> %standard_metadata_t </typeName> <name> standard_metadata </name> <fieldVals> ingress_port |-> @undef egress_spec |-> @undef </fieldVals> </instance> <instance> <valid> false </valid> <metadata> false </metadata> <typeName> data_t </typeName> <name> data </name> <fieldVals> .Map </fieldVals> </instance> <instance> <valid> false </valid> <metadata> false </metadata> <typeName> data3_t </typeName> <name> data3 </name> <fieldVals> .Map </fieldVals> </instance> <instance> <valid> false </valid> <metadata> false </metadata> <typeName> data2_t </typeName> <name> data2 </name> <fieldVals> .Map </fieldVals> </instance> <instance> <valid> false </valid> <metadata> false </metadata> <typeName> data1_t </typeName> <name> data1 </name> <fieldVals> .Map </fieldVals> </instance> </instances>-fragment </initInstances> <initArrays> .Map </initArrays> <parserStates> <state> <name> more </name> <body> ( extract ( data ) ; .ExtractOrSetStatements ) return ingress ; </body> </state> <state> <name> d3 </name> <body> ( extract ( data3 ) ; .ExtractOrSetStatements ) return more ; </body> </state> <state> <name> d2 </name> <body> ( extract ( data2 ) ; .ExtractOrSetStatements ) return d3 ; </body> </state> <state> <name> start </name> <body> ( extract ( data1 ) ; .ExtractOrSetStatements ) return d2 ; </body> </state> </parserStates> <valueSets> .ValueSetCellBag </valueSets> <exceptionHandlers> .ExceptionHandlerCellBag </exceptionHandlers> <handledExceptions> .Set </handledExceptions> <statefuls> .StatefulCellBag </statefuls> <tableDirects> .Map </tableDirects> <actions> <action> <name> setb1 </name> <params> val , ( port , .ParamList ) </params> <body> modify_field ( ( data . b1 ) , ( val , .Args ) ) ;  ( modify_field ( ( standard_metadata . egress_spec ) , ( port , .Args ) ) ;  .ActionStatements ) </body> </action> <action> <name> noop </name> <params> .ParamList </params> <body> .ActionStatements </body> </action> </actions> <actionProfiles> .ActionProfileCellBag </actionProfiles> <actionSelectors> .ActionSelectorCellBag </actionSelectors> <tables> <table> <name> test1 </name> <reads> ( data1 . f1 ) : exact ;  ( ( data2 . f2 ) : exact ;  ( ( data3 . f3 ) : exact ;  .FieldMatchs ) ) </reads> <acts> actions { setb1 ;  ( noop ;  .ActionNameItems ) } </acts> <opts> .TableOptionals </opts> <rules> ListItem ( $rule ( 0 , $ctr ( ListItem ( @val ( 1334440654591915542993625911497130241 , 0 , false ) ) ListItem ( @val ( 1334440654591915542993625911497130241 , 0 , false ) ) ListItem ( @val ( 1334440654591915542993625911497130241 , 0 , false ) ) ) , @call ( setb1 , $resolved ( ListItem ( @val ( 127 , 0 , false ) ) ListItem ( @val ( 2 , 0 , false ) ) ) ) ) ) ListItem ( $rule ( 1 , $ctr ( ListItem ( @val ( 2668881309183831085987251822994260482 , 0 , false ) ) ListItem ( @val ( 2668881309183831085987251822994260482 , 0 , false ) ) ListItem ( @val ( 2668881309183831085987251822994260482 , 0 , false ) ) ) , @call ( setb1 , $resolved ( ListItem ( @val ( 7 , 0 , false ) ) ListItem ( @val ( 3 , 0 , false ) ) ) ) ) ) </rules> <default> . </default> </table> </tables> <controlFlows> <control> <name> ingress </name> <body> apply ( test1 ) { .HitMissCases }  .ControlStatements </body> </control> </controlFlows> <cfset> SetItem ( ingress ) </cfset> <calcFieldSet> .Set </calcFieldSet> <ctx> <frameStack> .List </frameStack> <crnt> "$rule" |-> . "$table" |-> . "$action" |-> setb1 "$miss" |-> false </crnt> </ctx> <packet> "0000001000000010000000100000001000000010000000100000001000000010000000100000001000000010000000100000001000000010000000100000001000000010000000100000001000000010000000100000001000000010000000100000001000000010000000100000001000000010000000100000001000000010000000100000001000000010000000100000001000000010000000100000001000000010000000100000001000000010000000100000001000000010000000100000000000000000000000110000001100000000000000000000001100000011000000000000000000000011000000110000000000000000000000110000001101010101011001100111011110001000" </packet> <packetout> .List </packetout> <parser> <graph> <onpath> .Set </onpath> <marked> <mstates> SetItem ( more ) SetItem ( start ) SetItem ( d2 ) SetItem ( d3 ) </mstates> <mheaders> SetItem ( data1 ) SetItem ( data2 ) SetItem ( data ) SetItem ( data3 ) </mheaders> </marked> <dporder> ListItem ( data1 ) ListItem ( data2 ) ListItem ( data3 ) ListItem ( data ) </dporder> </graph> <pctx> <index> 528 </index> <lastExt> data </lastExt> <varWidth> . </varWidth> <packetSize> @val ( 68 , 0 , false ) </packetSize> </pctx> </parser> <buffer> <in> .List </in> <out> ListItem ( $packet ( ListItem ( @val ( 1334440654591915542993625911497130241 , 128 , false ) ) ListItem ( @val ( 1334440654591915542993625911497130241 , 128 , false ) ) ListItem ( @val ( 1334440654591915542993625911497130241 , 128 , false ) ) ListItem ( @val ( 40723275541813495979175913193986 , 128 , false ) ) ListItem ( @val ( 127 , 8 , false ) ) ListItem ( @val ( 102 , 8 , false ) ) ListItem ( @val ( 30600 , 16 , false ) ) , 2 ) ) ListItem ( $packet ( ListItem ( @val ( 2668881309183831085987251822994260482 , 128 , false ) ) ListItem ( @val ( 2668881309183831085987251822994260482 , 128 , false ) ) ListItem ( @val ( 2668881309183831085987251822994260482 , 128 , false ) ) ListItem ( @val ( 61084913312720243968763869790979 , 128 , false ) ) ListItem ( @val ( 7 , 8 , false ) ) ListItem ( @val ( 102 , 8 , false ) ) ListItem ( @val ( 30600 , 16 , false ) ) , 3 ) ) </out> </buffer> </T>
