000000010000000100000001000000010000001000000010000000100000001000000011000000110000001100000011000001000000010000000100000001001011101100100010001100110100010000000001000000010000000100000001000000100000001000000010000000100000001100000011000000110000001100000100000001000000010000000100000100010010001000110011010001000101010101100110 2
000000010000000100000001000000011111001011110010000000100000001000000011000000110000001100000011000001000000010000000100000001001010101000100010001100110100010000000001000000010000000100000001000000100000001000000010000000100000001100000011000000110000001100000100000001000000010000000100000100010010001000110011010001000101010101100110 3