00000001000000010000000100000001********************************0000001101100110011101111001100100010001001000100011001101000100 2
00000001000000010000000100000001000000010000000100000001000000010000001001100110011101111000100000010001001000100011001101000100 3
00000000000000000000000100000001000000010000000100000001000000010000001001100110011101111001100100010001001000100011001101000100 3