00000001000000010000000100000001********************************00000001000000010111011110001000 2
000000010000000100000001000000010000000100000001000000010000000100000010011001100111011110001000 3