<T> <k> @nextPacket </k> <headers> <header> <name> %standard_metadata_t </name> <opts> .Map </opts> <fields> egress_spec : 32 ( .FieldMods ) ;  ( egress_spec : 32 ( .FieldMods ) ;  .FieldDecs ) </fields> </header> <header> <name> data2_t </name> <opts> "$fixed_width" |-> 16 </opts> <fields> x1 : 8 ( .FieldMods ) ;  ( x2 : 8 ( .FieldMods ) ;  .FieldDecs ) </fields> </header> <header> <name> data_t </name> <opts> "$fixed_width" |-> 96 </opts> <fields> f1 : 32 ( .FieldMods ) ;  ( f2 : 32 ( .FieldMods ) ;  ( b1 : 8 ( .FieldMods ) ;  ( b2 : 8 ( .FieldMods ) ;  ( b3 : 8 ( .FieldMods ) ;  ( b4 : 8 ( .FieldMods ) ;  .FieldDecs ) ) ) ) ) </fields> </header> </headers> <arrays> .Map </arrays> <fieldLists> .FieldListCellBag </fieldLists> <fieldListCalcs> .FieldListCalcCellBag </fieldListCalcs> <calcFields> .CalcFieldCellBag </calcFields> <instances> <instance> <valid> true </valid> <metadata> true </metadata> <typeName> %standard_metadata_t </typeName> <name> standard_metadata </name> <fieldVals> ingress_port |-> @val ( 0 , 32 , false ) egress_spec |-> @val ( 3 , 32 , false ) </fieldVals> </instance> <instance> <valid> true </valid> <metadata> false </metadata> <typeName> data2_t </typeName> <name> data2 </name> <fieldVals> x2 |-> @val ( 34 , 8 , false ) x1 |-> @val ( 17 , 8 , false ) </fieldVals> </instance> <instance> <valid> true </valid> <metadata> false </metadata> <typeName> data_t </typeName> <name> data </name> <fieldVals> f2 |-> @val ( 16843009 , 32 , false ) f1 |-> @val ( 257 , 32 , false ) b4 |-> @val ( 153 , 8 , false ) b3 |-> @val ( 119 , 8 , false ) b2 |-> @val ( 102 , 8 , false ) b1 |-> @val ( 2 , 8 , false ) </fieldVals> </instance> </instances> <initInstances> <instances>-fragment <instance> <valid> true </valid> <metadata> true </metadata> <typeName> %standard_metadata_t </typeName> <name> standard_metadata </name> <fieldVals> ingress_port |-> @undef egress_spec |-> @undef </fieldVals> </instance> <instance> <valid> false </valid> <metadata> false </metadata> <typeName> data2_t </typeName> <name> data2 </name> <fieldVals> .Map </fieldVals> </instance> <instance> <valid> false </valid> <metadata> false </metadata> <typeName> data_t </typeName> <name> data </name> <fieldVals> .Map </fieldVals> </instance> </instances>-fragment </initInstances> <initArrays> .Map </initArrays> <parserStates> <state> <name> parse_data2 </name> <body> ( extract ( data2 ) ; .ExtractOrSetStatements ) return ingress ; </body> </state> <state> <name> start </name> <body> ( extract ( data ) ; .ExtractOrSetStatements ) return select ( ( data . b1 ) , .FieldOrDataRefs ) { ( 0x01 , .ValueOrMaskeds ) : parse_data2 ;  ( default : ingress ;  .CaseEntries ) } </body> </state> </parserStates> <valueSets> .ValueSetCellBag </valueSets> <exceptionHandlers> .ExceptionHandlerCellBag </exceptionHandlers> <handledExceptions> .Set </handledExceptions> <statefuls> .StatefulCellBag </statefuls> <tableDirects> .Map </tableDirects> <actions> <action> <name> setb1 </name> <params> val , ( port , .ParamList ) </params> <body> modify_field ( ( data . b1 ) , ( val , .Args ) ) ;  ( modify_field ( ( standard_metadata . egress_spec ) , ( port , .Args ) ) ;  .ActionStatements ) </body> </action> <action> <name> noop </name> <params> .ParamList </params> <body> .ActionStatements </body> </action> </actions> <actionProfiles> .ActionProfileCellBag </actionProfiles> <actionSelectors> .ActionSelectorCellBag </actionSelectors> <tables> <table> <name> test2 </name> <reads> ( data . f2 ) : exact ;  .FieldMatchs </reads> <acts> actions { setb1 ;  ( noop ;  .ActionNameItems ) } </acts> <opts> .TableOptionals </opts> <rules> ListItem ( $rule ( 1 , $ctr ( ListItem ( @val ( 16843009 , 0 , false ) ) ) , @call ( setb1 , $resolved ( ListItem ( @val ( 2 , 0 , false ) ) ListItem ( @val ( 3 , 0 , false ) ) ) ) ) ) </rules> <default> . </default> </table> <table> <name> test1 </name> <reads> ( data . f1 ) : exact ;  .FieldMatchs </reads> <acts> actions { setb1 ;  ( noop ;  .ActionNameItems ) } </acts> <opts> .TableOptionals </opts> <rules> ListItem ( $rule ( 0 , $ctr ( ListItem ( @val ( 16843009 , 0 , false ) ) ) , @call ( setb1 , $resolved ( ListItem ( @val ( 3 , 0 , false ) ) ListItem ( @val ( 2 , 0 , false ) ) ) ) ) ) </rules> <default> . </default> </table> </tables> <controlFlows> <control> <name> ingress </name> <body> ( if ( valid ( data2 ) ) { apply ( test1 ) { .HitMissCases }  .ControlStatements } else { .ControlStatements } )  ( apply ( test2 ) { .HitMissCases }  .ControlStatements ) </body> </control> </controlFlows> <cfset> SetItem ( ingress ) </cfset> <calcFieldSet> .Set </calcFieldSet> <ctx> <frameStack> .List </frameStack> <crnt> "$rule" |-> . "$table" |-> . "$action" |-> setb1 "$miss" |-> false </crnt> </ctx> <packet> "00000000000000000000000100000001000000010000000100000001000000010000000101100110011101111001100100010001001000100011001101000100" </packet> <packetout> .List </packetout> <parser> <graph> <onpath> .Set </onpath> <marked> <mstates> SetItem ( start ) SetItem ( parse_data2 ) </mstates> <mheaders> SetItem ( data2 ) SetItem ( data ) </mheaders> </marked> <dporder> ListItem ( data ) ListItem ( data2 ) </dporder> </graph> <pctx> <index> 112 </index> <lastExt> data2 </lastExt> <varWidth> . </varWidth> <packetSize> @val ( 16 , 0 , false ) </packetSize> </pctx> </parser> <buffer> <in> .List </in> <out> ListItem ( $packet ( ListItem ( @val ( 16843009 , 32 , false ) ) ListItem ( @val ( 514 , 32 , false ) ) ListItem ( @val ( 3 , 8 , false ) ) ListItem ( @val ( 102 , 8 , false ) ) ListItem ( @val ( 119 , 8 , false ) ) ListItem ( @val ( 153 , 8 , false ) ) ListItem ( @val ( 17 , 8 , false ) ) ListItem ( @val ( 34 , 8 , false ) ) ListItem ( @val ( 13124 , 16 , false ) ) , 2 ) ) ListItem ( $packet ( ListItem ( @val ( 16843009 , 32 , false ) ) ListItem ( @val ( 16843009 , 32 , false ) ) ListItem ( @val ( 2 , 8 , false ) ) ListItem ( @val ( 102 , 8 , false ) ) ListItem ( @val ( 119 , 8 , false ) ) ListItem ( @val ( 136 , 8 , false ) ) ListItem ( @val ( 287454020 , 32 , false ) ) , 3 ) ) ListItem ( $packet ( ListItem ( @val ( 257 , 32 , false ) ) ListItem ( @val ( 16843009 , 32 , false ) ) ListItem ( @val ( 2 , 8 , false ) ) ListItem ( @val ( 102 , 8 , false ) ) ListItem ( @val ( 119 , 8 , false ) ) ListItem ( @val ( 153 , 8 , false ) ) ListItem ( @val ( 17 , 8 , false ) ) ListItem ( @val ( 34 , 8 , false ) ) ListItem ( @val ( 13124 , 16 , false ) ) , 3 ) ) </out> </buffer> </T>
