00010010001101000101011001111000000100100011010001010110011110000000000000110010000000000000000011110001 2
00010010001101000101011001111000000100100011010001010110011110000000000000110001000000000000000011110010 3
00010010001101000101011001111000000100100011010001010110011110000000000011110001000000000000000011110011 2
00010010001101000101011001111000000100100011010001010110011110000000000000000011000000000000000011110100 3