<T> <k> @nextPacket </k> <headers> <header> <name> %standard_metadata_t </name> <opts> .Map </opts> <fields> egress_spec : 32 ( .FieldMods ) ;  ( egress_spec : 32 ( .FieldMods ) ;  .FieldDecs ) </fields> </header> <header> <name> data_t </name> <opts> "$fixed_width" |-> 120 </opts> <fields> f1 : 32 ( .FieldMods ) ;  ( f2 : 32 ( .FieldMods ) ;  ( x1 : 2 ( .FieldMods ) ;  ( pad0 : 3 ( .FieldMods ) ;  ( x2 : 2 ( .FieldMods ) ;  ( pad1 : 5 ( .FieldMods ) ;  ( x3 : 1 ( .FieldMods ) ;  ( pad2 : 3 ( .FieldMods ) ;  ( skip : 32 ( .FieldMods ) ;  ( x4 : 1 ( .FieldMods ) ;  ( x5 : 1 ( .FieldMods ) ;  ( pad3 : 6 ( .FieldMods ) ;  .FieldDecs ) ) ) ) ) ) ) ) ) ) ) </fields> </header> </headers> <arrays> .Map </arrays> <fieldLists> .FieldListCellBag </fieldLists> <fieldListCalcs> .FieldListCalcCellBag </fieldListCalcs> <calcFields> .CalcFieldCellBag </calcFields> <instances> <instance> <valid> true </valid> <metadata> true </metadata> <typeName> %standard_metadata_t </typeName> <name> standard_metadata </name> <fieldVals> ingress_port |-> @val ( 0 , 32 , false ) egress_spec |-> @val ( 3 , 32 , false ) </fieldVals> </instance> <instance> <valid> true </valid> <metadata> false </metadata> <typeName> data_t </typeName> <name> data </name> <fieldVals> pad1 |-> @val ( 0 , 5 , false ) x2 |-> @val ( 3 , 2 , false ) pad0 |-> @val ( 0 , 3 , false ) x1 |-> @val ( 0 , 2 , false ) pad3 |-> @val ( 0 , 6 , false ) x4 |-> @val ( 0 , 1 , false ) f2 |-> @val ( 305419896 , 32 , false ) pad2 |-> @val ( 0 , 3 , false ) x3 |-> @val ( 0 , 1 , false ) f1 |-> @val ( 305419896 , 32 , false ) skip |-> @val ( 0 , 32 , false ) x5 |-> @val ( 0 , 1 , false ) </fieldVals> </instance> </instances> <initInstances> <instances>-fragment <instance> <valid> true </valid> <metadata> true </metadata> <typeName> %standard_metadata_t </typeName> <name> standard_metadata </name> <fieldVals> ingress_port |-> @undef egress_spec |-> @undef </fieldVals> </instance> <instance> <valid> false </valid> <metadata> false </metadata> <typeName> data_t </typeName> <name> data </name> <fieldVals> .Map </fieldVals> </instance> </instances>-fragment </initInstances> <initArrays> .Map </initArrays> <parserStates> <state> <name> start </name> <body> ( extract ( data ) ; .ExtractOrSetStatements ) return ingress ; </body> </state> </parserStates> <valueSets> .ValueSetCellBag </valueSets> <exceptionHandlers> .ExceptionHandlerCellBag </exceptionHandlers> <handledExceptions> .Set </handledExceptions> <statefuls> .StatefulCellBag </statefuls> <tableDirects> .Map </tableDirects> <actions> <action> <name> output </name> <params> port , .ParamList </params> <body> modify_field ( ( standard_metadata . egress_spec ) , ( port , .Args ) ) ;  .ActionStatements </body> </action> <action> <name> noop </name> <params> .ParamList </params> <body> .ActionStatements </body> </action> </actions> <actionProfiles> .ActionProfileCellBag </actionProfiles> <actionSelectors> .ActionSelectorCellBag </actionSelectors> <tables> <table> <name> test2 </name> <reads> ( data . f2 ) : exact ;  .FieldMatchs </reads> <acts> actions { output ;  ( noop ;  .ActionNameItems ) } </acts> <opts> .TableOptionals </opts> <rules> ListItem ( $rule ( 1 , $ctr ( ListItem ( @val ( 305419896 , 0 , false ) ) ) , @call ( output , $resolved ( ListItem ( @val ( 3 , 0 , false ) ) ) ) ) ) </rules> <default> . </default> </table> <table> <name> test1 </name> <reads> ( data . f1 ) : exact ;  .FieldMatchs </reads> <acts> actions { output ;  ( noop ;  .ActionNameItems ) } </acts> <opts> .TableOptionals </opts> <rules> ListItem ( $rule ( 0 , $ctr ( ListItem ( @val ( 305419896 , 0 , false ) ) ) , @call ( output , $resolved ( ListItem ( @val ( 2 , 0 , false ) ) ) ) ) ) </rules> <default> . </default> </table> </tables> <controlFlows> <control> <name> ingress </name> <body> ( if ( ( ( data . x2 ) == 1 ) and ( data . x4 ) == 0 ) { apply ( test1 ) { .HitMissCases }  .ControlStatements } else { apply ( test2 ) { .HitMissCases }  .ControlStatements } )  .ControlStatements </body> </control> </controlFlows> <cfset> SetItem ( ingress ) </cfset> <calcFieldSet> .Set </calcFieldSet> <ctx> <frameStack> .List </frameStack> <crnt> "$rule" |-> . "$table" |-> . "$action" |-> output "$miss" |-> false </crnt> </ctx> <packet> "00010010001101000101011001111000000100100011010001010110011110000000011000000000000000000000000000000000000000000000000011110100" </packet> <packetout> .List </packetout> <parser> <graph> <onpath> .Set </onpath> <marked> <mstates> SetItem ( start ) </mstates> <mheaders> SetItem ( data ) </mheaders> </marked> <dporder> ListItem ( data ) </dporder> </graph> <pctx> <index> 120 </index> <lastExt> data </lastExt> <varWidth> . </varWidth> <packetSize> @val ( 16 , 0 , false ) </packetSize> </pctx> </parser> <buffer> <in> .List </in> <out> ListItem ( $packet ( ListItem ( @val ( 305419896 , 32 , false ) ) ListItem ( @val ( 305419896 , 32 , false ) ) ListItem ( @val ( 0 , 2 , false ) ) ListItem ( @val ( 0 , 3 , false ) ) ListItem ( @val ( 1 , 2 , false ) ) ListItem ( @val ( 0 , 5 , false ) ) ListItem ( @val ( 0 , 1 , false ) ) ListItem ( @val ( 0 , 3 , false ) ) ListItem ( @val ( 0 , 32 , false ) ) ListItem ( @val ( 0 , 1 , false ) ) ListItem ( @val ( 0 , 1 , false ) ) ListItem ( @val ( 0 , 6 , false ) ) ListItem ( @val ( 241 , 8 , false ) ) , 2 ) ) ListItem ( $packet ( ListItem ( @val ( 305419896 , 32 , false ) ) ListItem ( @val ( 305419896 , 32 , false ) ) ListItem ( @val ( 0 , 2 , false ) ) ListItem ( @val ( 0 , 3 , false ) ) ListItem ( @val ( 1 , 2 , false ) ) ListItem ( @val ( 0 , 5 , false ) ) ListItem ( @val ( 0 , 1 , false ) ) ListItem ( @val ( 0 , 3 , false ) ) ListItem ( @val ( 0 , 32 , false ) ) ListItem ( @val ( 1 , 1 , false ) ) ListItem ( @val ( 0 , 1 , false ) ) ListItem ( @val ( 0 , 6 , false ) ) ListItem ( @val ( 242 , 8 , false ) ) , 3 ) ) ListItem ( $packet ( ListItem ( @val ( 305419896 , 32 , false ) ) ListItem ( @val ( 305419896 , 32 , false ) ) ListItem ( @val ( 0 , 2 , false ) ) ListItem ( @val ( 0 , 3 , false ) ) ListItem ( @val ( 3 , 2 , false ) ) ListItem ( @val ( 0 , 5 , false ) ) ListItem ( @val ( 0 , 1 , false ) ) ListItem ( @val ( 0 , 3 , false ) ) ListItem ( @val ( 0 , 32 , false ) ) ListItem ( @val ( 1 , 1 , false ) ) ListItem ( @val ( 0 , 1 , false ) ) ListItem ( @val ( 0 , 6 , false ) ) ListItem ( @val ( 243 , 8 , false ) ) , 3 ) ) ListItem ( $packet ( ListItem ( @val ( 305419896 , 32 , false ) ) ListItem ( @val ( 305419896 , 32 , false ) ) ListItem ( @val ( 0 , 2 , false ) ) ListItem ( @val ( 0 , 3 , false ) ) ListItem ( @val ( 3 , 2 , false ) ) ListItem ( @val ( 0 , 5 , false ) ) ListItem ( @val ( 0 , 1 , false ) ) ListItem ( @val ( 0 , 3 , false ) ) ListItem ( @val ( 0 , 32 , false ) ) ListItem ( @val ( 0 , 1 , false ) ) ListItem ( @val ( 0 , 1 , false ) ) ListItem ( @val ( 0 , 6 , false ) ) ListItem ( @val ( 244 , 8 , false ) ) , 3 ) ) </out> </buffer> </T>
