00000001000000010000000100000001********************************00000001011101111000100000001010 2
000000010000000100000001000000010000000100000001000000010000000100000010011001100111011110001000 3