00010001000100010001000100010001001000100010001000100010001000100000000100000001000000100000001000000011000000110000010000000100 1
00100010001000100010001000100010001100110011001100110011001100110000001000000010000000110000001100000100000001000000010100000101 2
00110011001100110011001100110011010001000100010001000100010001000000001100000011000001000000010000000101000001010000011000000110 2
01000100010001000100010001000100010101010101010101010101010101010000010000000100000001010000010100000110000001100000011100000111 3