00010001000100010001000100010001001000100010001000100010001000100000000100000001000000100000001000000011000000110000010000000100 1