00000000000000000000000100000001************************************************************************************************0111111101100110 2
00000000000000000000001000000010************************************************************************************************0000011101100110 3
0000000000000000000000010000000100100010001000100010001000100010000000000000000000000011000000110000000000000000000001000000010000000001011001100111011110001000 4
0000000000000000000100010001000100100010001000100010001000100010000000000000000000000011000000110000000000000000000001000000010000000010011001100111011110001000 5