<T> <k> @call ( modify_field_with_shift , $resolved ( ListItem ( data . h1 ) ListItem ( data . h2 ) ListItem ( @val ( 8 , 0 , false ) ) ListItem ( @val ( 255 , 0 , false ) ) ) ) ~> ( modify_field ( ( standard_metadata . egress_spec ) , ( port , .Args ) ) ;  .ActionStatements ) ~> @popstack ~> @setCrnt ( "$action" , op1 ) ~> @setCrnt ( "$rule" , . ) ~> @setCrnt ( "$table" , . ) ~> @checkNextAppSelCase ( .HitMissCases ) ~> .ControlStatements ~> @egress ~> @txenPacket ~> @nextPacket </k> <headers> <header> <name> %standard_metadata_t </name> <opts> .Map </opts> <fields> egress_spec : 32 ( .FieldMods ) ;  ( egress_spec : 32 ( .FieldMods ) ;  .FieldDecs ) </fields> </header> <header> <name> data_t </name> <opts> "$fixed_width" |-> 112 </opts> <fields> f1 : 32 ( .FieldMods ) ;  ( f2 : 32 ( .FieldMods ) ;  ( h1 : 16 ( .FieldMods ) ;  ( h2 : 16 ( .FieldMods ) ;  ( b1 : 8 ( .FieldMods ) ;  ( b2 : 8 ( .FieldMods ) ;  .FieldDecs ) ) ) ) ) </fields> </header> </headers> <arrays> .Map </arrays> <fieldLists> .FieldListCellBag </fieldLists> <fieldListCalcs> .FieldListCalcCellBag </fieldListCalcs> <calcFields> .CalcFieldCellBag </calcFields> <instances> <instance> <valid> true </valid> <metadata> true </metadata> <typeName> %standard_metadata_t </typeName> <name> standard_metadata </name> <fieldVals> ingress_port |-> @val ( 0 , 32 , false ) egress_spec |-> @undef </fieldVals> </instance> <instance> <valid> true </valid> <metadata> false </metadata> <typeName> data_t </typeName> <name> data </name> <fieldVals> h2 |-> @val ( 13124 , 16 , false ) h1 |-> @val ( 4386 , 16 , false ) f2 |-> @val ( 33686018 , 32 , false ) f1 |-> @val ( 16843009 , 32 , false ) b2 |-> @val ( 102 , 8 , false ) b1 |-> @val ( 85 , 8 , false ) </fieldVals> </instance> </instances> <initInstances> <instances>-fragment <instance> <valid> true </valid> <metadata> true </metadata> <typeName> %standard_metadata_t </typeName> <name> standard_metadata </name> <fieldVals> ingress_port |-> @undef egress_spec |-> @undef </fieldVals> </instance> <instance> <valid> false </valid> <metadata> false </metadata> <typeName> data_t </typeName> <name> data </name> <fieldVals> .Map </fieldVals> </instance> </instances>-fragment </initInstances> <initArrays> .Map </initArrays> <parserStates> <state> <name> start </name> <body> ( extract ( data ) ; .ExtractOrSetStatements ) return ingress ; </body> </state> </parserStates> <valueSets> .ValueSetCellBag </valueSets> <exceptionHandlers> .ExceptionHandlerCellBag </exceptionHandlers> <handledExceptions> .Set </handledExceptions> <statefuls> .StatefulCellBag </statefuls> <tableDirects> .Map </tableDirects> <actions> <action> <name> op2 </name> <params> port , .ParamList </params> <body> modify_field_with_shift ( ( data . h1 ) , ( ( data . h2 ) , ( 4 , ( 0xf0 , .Args ) ) ) ) ;  ( modify_field ( ( standard_metadata . egress_spec ) , ( port , .Args ) ) ;  .ActionStatements ) </body> </action> <action> <name> op1 </name> <params> port , .ParamList </params> <body> modify_field_with_shift ( ( data . h1 ) , ( ( data . h2 ) , ( 8 , ( 0xff , .Args ) ) ) ) ;  ( modify_field ( ( standard_metadata . egress_spec ) , ( port , .Args ) ) ;  .ActionStatements ) </body> </action> <action> <name> noop </name> <params> .ParamList </params> <body> .ActionStatements </body> </action> </actions> <actionProfiles> .ActionProfileCellBag </actionProfiles> <actionSelectors> .ActionSelectorCellBag </actionSelectors> <tables> <table> <name> test1 </name> <reads> ( data . f1 ) : exact ;  .FieldMatchs </reads> <acts> actions { op1 ;  ( op2 ;  ( noop ;  .ActionNameItems ) ) } </acts> <opts> .TableOptionals </opts> <rules> ListItem ( $rule ( 0 , $ctr ( ListItem ( @val ( 16843009 , 0 , false ) ) ) , @call ( op1 , $resolved ( ListItem ( @val ( 2 , 0 , false ) ) ) ) ) ) ListItem ( $rule ( 1 , $ctr ( ListItem ( @val ( 33686018 , 0 , false ) ) ) , @call ( op2 , $resolved ( ListItem ( @val ( 3 , 0 , false ) ) ) ) ) ) </rules> <default> . </default> </table> </tables> <controlFlows> <control> <name> ingress </name> <body> apply ( test1 ) { .HitMissCases }  .ControlStatements </body> </control> </controlFlows> <cfset> SetItem ( ingress ) </cfset> <calcFieldSet> .Set </calcFieldSet> <ctx> <frameStack> ListItem ( port |-> @val ( 2 , 0 , false ) ) </frameStack> <crnt> "$table" |-> test1 "$rule" |-> 0 "$miss" |-> false </crnt> </ctx> <packet> "000000010000000100000001000000010000001000000010000000100000001000010001001000100011001101000100010101010110011001110111100010001001100110101010" </packet> <packetout> .List </packetout> <parser> <graph> <onpath> .Set </onpath> <marked> <mstates> SetItem ( start ) </mstates> <mheaders> SetItem ( data ) </mheaders> </marked> <dporder> ListItem ( data ) </dporder> </graph> <pctx> <index> 112 </index> <lastExt> data </lastExt> <varWidth> . </varWidth> <packetSize> @val ( 18 , 0 , false ) </packetSize> </pctx> </parser> <buffer> <in> ListItem ( $packet ( "000000100000001000000010000000100000000100000001000000010000000100010001001000100011001101000100010101010110011001110111100010001001100110101010" , 0 ) ) </in> <out> .List </out> </buffer> </T>
