000000010000000100000001000000010000001000000010000000100000001000010001001100110011001101000100010101010110011001110111100010001001100110101010 2
000000100000001000000010000000100000000100000001000000010000000100010001001100100011001101000100010101010110011001110111100010001001100110101010 3