<T> <k> @nextPacket </k> <headers> <header> <name> %standard_metadata_t </name> <opts> .Map </opts> <fields> egress_spec : 32 ( .FieldMods ) ;  ( egress_spec : 32 ( .FieldMods ) ;  .FieldDecs ) </fields> </header> <header> <name> data2_t </name> <opts> "$fixed_width" |-> 32 </opts> <fields> x1 : 24 ( .FieldMods ) ;  ( more : 8 ( .FieldMods ) ;  .FieldDecs ) </fields> </header> <header> <name> data_t </name> <opts> "$fixed_width" |-> 96 </opts> <fields> f1 : 32 ( .FieldMods ) ;  ( f2 : 32 ( .FieldMods ) ;  ( b1 : 8 ( .FieldMods ) ;  ( b2 : 8 ( .FieldMods ) ;  ( b3 : 8 ( .FieldMods ) ;  ( more : 8 ( .FieldMods ) ;  .FieldDecs ) ) ) ) ) </fields> </header> </headers> <arrays> extra |-> $array ( 4 , 1 , 0 ) </arrays> <fieldLists> .FieldListCellBag </fieldLists> <fieldListCalcs> .FieldListCalcCellBag </fieldListCalcs> <calcFields> .CalcFieldCellBag </calcFields> <instances> <instance> <valid> true </valid> <metadata> true </metadata> <typeName> %standard_metadata_t </typeName> <name> standard_metadata </name> <fieldVals> ingress_port |-> @val ( 0 , 32 , false ) egress_spec |-> @val ( 1 , 32 , false ) </fieldVals> </instance> <instance> <valid> true </valid> <metadata> false </metadata> <typeName> data2_t </typeName> <name> $element ( extra , 0 ) </name> <fieldVals> more |-> @val ( 0 , 8 , false ) x1 |-> @val ( 14544639 , 24 , false ) </fieldVals> </instance> <instance> <valid> false </valid> <metadata> false </metadata> <typeName> data2_t </typeName> <name> $element ( extra , 1 ) </name> <fieldVals> .Map </fieldVals> </instance> <instance> <valid> false </valid> <metadata> false </metadata> <typeName> data2_t </typeName> <name> $element ( extra , 2 ) </name> <fieldVals> .Map </fieldVals> </instance> <instance> <valid> false </valid> <metadata> false </metadata> <typeName> data2_t </typeName> <name> $element ( extra , 3 ) </name> <fieldVals> .Map </fieldVals> </instance> <instance> <valid> true </valid> <metadata> false </metadata> <typeName> data_t </typeName> <name> data </name> <fieldVals> more |-> @val ( 1 , 8 , false ) f2 |-> @val ( 33686018 , 32 , false ) f1 |-> @val ( 16843011 , 32 , false ) b3 |-> @val ( 3 , 8 , false ) b2 |-> @val ( 3 , 8 , false ) b1 |-> @val ( 3 , 8 , false ) </fieldVals> </instance> </instances> <initInstances> <instances>-fragment <instance> <valid> true </valid> <metadata> true </metadata> <typeName> %standard_metadata_t </typeName> <name> standard_metadata </name> <fieldVals> ingress_port |-> @undef egress_spec |-> @undef </fieldVals> </instance> <instance> <valid> false </valid> <metadata> false </metadata> <typeName> data2_t </typeName> <name> $element ( extra , 0 ) </name> <fieldVals> .Map </fieldVals> </instance> <instance> <valid> false </valid> <metadata> false </metadata> <typeName> data2_t </typeName> <name> $element ( extra , 1 ) </name> <fieldVals> .Map </fieldVals> </instance> <instance> <valid> false </valid> <metadata> false </metadata> <typeName> data2_t </typeName> <name> $element ( extra , 2 ) </name> <fieldVals> .Map </fieldVals> </instance> <instance> <valid> false </valid> <metadata> false </metadata> <typeName> data2_t </typeName> <name> $element ( extra , 3 ) </name> <fieldVals> .Map </fieldVals> </instance> <instance> <valid> false </valid> <metadata> false </metadata> <typeName> data_t </typeName> <name> data </name> <fieldVals> .Map </fieldVals> </instance> </instances>-fragment </initInstances> <initArrays> extra |-> $array ( 4 , 0 , -1 ) </initArrays> <parserStates> <state> <name> parse_extra </name> <body> ( extract ( extra [ next ] ) ; .ExtractOrSetStatements ) return select ( ( latest . more ) , .FieldOrDataRefs ) { ( 0 , .ValueOrMaskeds ) : ingress ;  ( default : parse_extra ;  .CaseEntries ) } </body> </state> <state> <name> start </name> <body> ( extract ( data ) ; .ExtractOrSetStatements ) return select ( ( data . more ) , .FieldOrDataRefs ) { ( 0 , .ValueOrMaskeds ) : ingress ;  ( default : parse_extra ;  .CaseEntries ) } </body> </state> </parserStates> <valueSets> .ValueSetCellBag </valueSets> <exceptionHandlers> .ExceptionHandlerCellBag </exceptionHandlers> <handledExceptions> .Set </handledExceptions> <statefuls> .StatefulCellBag </statefuls> <tableDirects> .Map </tableDirects> <actions> <action> <name> output </name> <params> port , .ParamList </params> <body> modify_field ( ( standard_metadata . egress_spec ) , ( port , .Args ) ) ;  .ActionStatements </body> </action> <action> <name> pop1 </name> <params> .ParamList </params> <body> modify_field ( ( data . more ) , ( ( extra [ 0 ] . more ) , .Args ) ) ;  ( pop ( extra , ( 1 , .Args ) ) ;  .ActionStatements ) </body> </action> <action> <name> push2 </name> <params> x1 , ( x2 , .ParamList ) </params> <body> push ( extra , ( 2 , .Args ) ) ;  ( modify_field ( ( extra [ 0 ] . x1 ) , ( x1 , .Args ) ) ;  ( modify_field ( ( extra [ 0 ] . more ) , ( 1 , .Args ) ) ;  ( modify_field ( ( extra [ 1 ] . x1 ) , ( x2 , .Args ) ) ;  ( modify_field ( ( extra [ 1 ] . more ) , ( ( data . more ) , .Args ) ) ;  ( modify_field ( ( data . more ) , ( 1 , .Args ) ) ;  .ActionStatements ) ) ) ) ) </body> </action> <action> <name> push1 </name> <params> x1 , .ParamList </params> <body> push ( extra , ( 1 , .Args ) ) ;  ( modify_field ( ( extra [ 0 ] . x1 ) , ( x1 , .Args ) ) ;  ( modify_field ( ( extra [ 0 ] . more ) , ( ( data . more ) , .Args ) ) ;  ( modify_field ( ( data . more ) , ( 1 , .Args ) ) ;  .ActionStatements ) ) ) </body> </action> <action> <name> noop </name> <params> .ParamList </params> <body> .ActionStatements </body> </action> </actions> <actionProfiles> .ActionProfileCellBag </actionProfiles> <actionSelectors> .ActionSelectorCellBag </actionSelectors> <tables> <table> <name> output </name> <reads> .FieldMatchs </reads> <acts> actions { output ;  .ActionNameItems } </acts> <opts> .TableOptionals </opts> <rules> .List </rules> <default> @call ( output , $resolved ( ListItem ( @val ( 1 , 0 , false ) ) ) ) </default> </table> <table> <name> test1 </name> <reads> ( data . f1 ) : exact ;  .FieldMatchs </reads> <acts> actions { noop ;  ( push1 ;  ( push2 ;  ( pop1 ;  .ActionNameItems ) ) ) } </acts> <opts> .TableOptionals </opts> <rules> ListItem ( $rule ( 0 , $ctr ( ListItem ( @val ( 16843009 , 0 , false ) ) ) , @call ( push1 , $resolved ( ListItem ( @val ( 33 , 0 , false ) ) ) ) ) ) ListItem ( $rule ( 1 , $ctr ( ListItem ( @val ( 16843010 , 0 , false ) ) ) , @call ( push2 , $resolved ( ListItem ( @val ( 34 , 0 , false ) ) ListItem ( @val ( 50 , 0 , false ) ) ) ) ) ) ListItem ( $rule ( 2 , $ctr ( ListItem ( @val ( 16843011 , 0 , false ) ) ) , @call ( pop1 , $resolved ( .List ) ) ) ) </rules> <default> . </default> </table> </tables> <controlFlows> <control> <name> ingress </name> <body> apply ( test1 ) { .HitMissCases }  ( apply ( output ) { .HitMissCases }  .ControlStatements ) </body> </control> </controlFlows> <cfset> SetItem ( ingress ) </cfset> <calcFieldSet> .Set </calcFieldSet> <ctx> <frameStack> .List </frameStack> <crnt> "$rule" |-> . "$table" |-> . "$action" |-> output "$miss" |-> true </crnt> </ctx> <packet> "000000010000000100000001000000110000001000000010000000100000001000000011000000110000001100000001101010101011101111001100000000011101110111101110111111110000000000000000000000010000001000000011" </packet> <packetout> .List </packetout> <parser> <graph> <onpath> .Set </onpath> <marked> <mstates> SetItem ( start ) SetItem ( parse_extra ) </mstates> <mheaders> SetItem ( data ) SetItem ( extra ) </mheaders> </marked> <dporder> ListItem ( data ) ListItem ( extra ) </dporder> </graph> <pctx> <index> 160 </index> <lastExt> $element ( extra , 1 ) </lastExt> <varWidth> . </varWidth> <packetSize> @val ( 24 , 0 , false ) </packetSize> </pctx> </parser> <buffer> <in> .List </in> <out> ListItem ( $packet ( ListItem ( @val ( 16843009 , 32 , false ) ) ListItem ( @val ( 33686018 , 32 , false ) ) ListItem ( @val ( 3 , 8 , false ) ) ListItem ( @val ( 3 , 8 , false ) ) ListItem ( @val ( 3 , 8 , false ) ) ListItem ( @val ( 1 , 8 , false ) ) ListItem ( @val ( 33 , 24 , false ) ) ListItem ( @val ( 0 , 8 , false ) ) ListItem ( @val ( 66051 , 32 , false ) ) , 1 ) ) ListItem ( $packet ( ListItem ( @val ( 16843009 , 32 , false ) ) ListItem ( @val ( 33686018 , 32 , false ) ) ListItem ( @val ( 3 , 8 , false ) ) ListItem ( @val ( 3 , 8 , false ) ) ListItem ( @val ( 3 , 8 , false ) ) ListItem ( @val ( 1 , 8 , false ) ) ListItem ( @val ( 33 , 24 , false ) ) ListItem ( @val ( 1 , 8 , false ) ) ListItem ( @val ( 11189196 , 24 , false ) ) ListItem ( @val ( 0 , 8 , false ) ) ListItem ( @val ( 66051 , 32 , false ) ) , 1 ) ) ListItem ( $packet ( ListItem ( @val ( 16843010 , 32 , false ) ) ListItem ( @val ( 33686018 , 32 , false ) ) ListItem ( @val ( 3 , 8 , false ) ) ListItem ( @val ( 3 , 8 , false ) ) ListItem ( @val ( 3 , 8 , false ) ) ListItem ( @val ( 1 , 8 , false ) ) ListItem ( @val ( 34 , 24 , false ) ) ListItem ( @val ( 1 , 8 , false ) ) ListItem ( @val ( 50 , 24 , false ) ) ListItem ( @val ( 0 , 8 , false ) ) ListItem ( @val ( 66051 , 32 , false ) ) , 1 ) ) ListItem ( $packet ( ListItem ( @val ( 16843010 , 32 , false ) ) ListItem ( @val ( 33686018 , 32 , false ) ) ListItem ( @val ( 3 , 8 , false ) ) ListItem ( @val ( 3 , 8 , false ) ) ListItem ( @val ( 3 , 8 , false ) ) ListItem ( @val ( 1 , 8 , false ) ) ListItem ( @val ( 34 , 24 , false ) ) ListItem ( @val ( 1 , 8 , false ) ) ListItem ( @val ( 50 , 24 , false ) ) ListItem ( @val ( 1 , 8 , false ) ) ListItem ( @val ( 11189196 , 24 , false ) ) ListItem ( @val ( 0 , 8 , false ) ) ListItem ( @val ( 66051 , 32 , false ) ) , 1 ) ) ListItem ( $packet ( ListItem ( @val ( 16843011 , 32 , false ) ) ListItem ( @val ( 33686018 , 32 , false ) ) ListItem ( @val ( 3 , 8 , false ) ) ListItem ( @val ( 3 , 8 , false ) ) ListItem ( @val ( 3 , 8 , false ) ) ListItem ( @val ( 0 , 8 , false ) ) ListItem ( @val ( 66051 , 32 , false ) ) , 1 ) ) ListItem ( $packet ( ListItem ( @val ( 16843011 , 32 , false ) ) ListItem ( @val ( 33686018 , 32 , false ) ) ListItem ( @val ( 3 , 8 , false ) ) ListItem ( @val ( 3 , 8 , false ) ) ListItem ( @val ( 3 , 8 , false ) ) ListItem ( @val ( 1 , 8 , false ) ) ListItem ( @val ( 14544639 , 24 , false ) ) ListItem ( @val ( 0 , 8 , false ) ) ListItem ( @val ( 66051 , 32 , false ) ) , 1 ) ) </out> </buffer> </T>
