000000000000000100000001000000010000000100000001000000010000000100000010000000100000001000000010000000100000001010010000000000000000000000000000000100010001000100100010001000100011001100110011010001000100010001010101010101011001000100000000101010101010101010010001000000001011101110111011100010000100011100000000000000000000000000000001000000000000000000000001000000010100010100000000000001000000000000000000000000000000000000000000010000000001000101110110111010111000000000000000000000000000000110000000000000000000000000000001000000000110010000000000011001010000001100000000000000000000000011111111 10