0000001000000010000000100000001000000010000000100000001000000010 2
0000010000000100000001000000010000000100000001000000010000000100 1