00000000000000000000000000000001************************************************************************************************0000000001100110 4
00000000000000000000000000010001************************************************************************************************0000000101100110 4
00000000000000000000000100010001************************************************************************************************0000001001100110 4
00000000000000000001000100010001************************************************************************************************0000001101100110 4
00000000000000010001000100010001************************************************************************************************0000010001100110 4
00000000000100010001000100010001************************************************************************************************0000010101100110 4
00000001000100010001000100010001************************************************************************************************0000011001100110 4
00010001000100010001000100010001************************************************************************************************0000011101100110 4
00010001000100010001000100010001************************************************************************************************0000100001100110 4
00010001000100010001000100010001************************************************************************************************0000100101100110 4
00010001000100010001000100010001************************************************************************************************0000101001100110 4
00010001000100010001000100010001************************************************************************************************0000101101100110 4
00010001000100010001000100010001************************************************************************************************0000110001100110 4
00010001000100010001000100010001************************************************************************************************0000110101100110 4
00010001000100010001000100010001************************************************************************************************0000111001100110 4
00010001000100010001000100010001************************************************************************************************0000111101100110 4
00010001000100010001000100010001************************************************************************************************0001000001100110 4
00010001000100010001000100010001************************************************************************************************0001000101100110 4
00010001000100010001000100010001************************************************************************************************0001001001100110 4
00010001000100010001000100010001************************************************************************************************0001001101100110 4