<T> <k> @nextPacket </k> <headers> <header> <name> %standard_metadata_t </name> <opts> .Map </opts> <fields> egress_spec : 32 ( .FieldMods ) ;  ( egress_spec : 32 ( .FieldMods ) ;  .FieldDecs ) </fields> </header> <header> <name> data_t </name> <opts> "$fixed_width" |-> 144 </opts> <fields> f1 : 32 ( .FieldMods ) ;  ( f2 : 32 ( .FieldMods ) ;  ( f3 : 32 ( .FieldMods ) ;  ( f4 : 32 ( .FieldMods ) ;  ( b1 : 8 ( .FieldMods ) ;  ( b2 : 8 ( .FieldMods ) ;  .FieldDecs ) ) ) ) ) </fields> </header> </headers> <arrays> .Map </arrays> <fieldLists> .FieldListCellBag </fieldLists> <fieldListCalcs> .FieldListCalcCellBag </fieldListCalcs> <calcFields> .CalcFieldCellBag </calcFields> <instances> <instance> <valid> true </valid> <metadata> true </metadata> <typeName> %standard_metadata_t </typeName> <name> standard_metadata </name> <fieldVals> ingress_port |-> @val ( 0 , 32 , false ) egress_spec |-> @val ( 2 , 32 , false ) </fieldVals> </instance> <instance> <valid> true </valid> <metadata> false </metadata> <typeName> data_t </typeName> <name> data </name> <fieldVals> f2 |-> @val ( 539042339 , 32 , false ) f1 |-> @val ( 269554195 , 32 , false ) f4 |-> @val ( 1078018627 , 32 , false ) f3 |-> @val ( 808530483 , 32 , false ) b2 |-> @val ( 102 , 8 , false ) b1 |-> @val ( 127 , 8 , false ) </fieldVals> </instance> </instances> <initInstances> <instances>-fragment <instance> <valid> true </valid> <metadata> true </metadata> <typeName> %standard_metadata_t </typeName> <name> standard_metadata </name> <fieldVals> ingress_port |-> @undef egress_spec |-> @undef </fieldVals> </instance> <instance> <valid> false </valid> <metadata> false </metadata> <typeName> data_t </typeName> <name> data </name> <fieldVals> .Map </fieldVals> </instance> </instances>-fragment </initInstances> <initArrays> .Map </initArrays> <parserStates> <state> <name> start </name> <body> ( extract ( data ) ; .ExtractOrSetStatements ) return ingress ; </body> </state> </parserStates> <valueSets> .ValueSetCellBag </valueSets> <exceptionHandlers> .ExceptionHandlerCellBag </exceptionHandlers> <handledExceptions> .Set </handledExceptions> <statefuls> .StatefulCellBag </statefuls> <tableDirects> .Map </tableDirects> <actions> <action> <name> setb1 </name> <params> val , ( port , .ParamList ) </params> <body> modify_field ( ( data . b1 ) , ( val , .Args ) ) ;  ( modify_field ( ( standard_metadata . egress_spec ) , ( port , .Args ) ) ;  .ActionStatements ) </body> </action> <action> <name> noop </name> <params> .ParamList </params> <body> .ActionStatements </body> </action> </actions> <actionProfiles> .ActionProfileCellBag </actionProfiles> <actionSelectors> .ActionSelectorCellBag </actionSelectors> <tables> <table> <name> test1 </name> <reads> ( data . f1 ) : ternary ;  ( ( data . f2 ) : ternary ;  ( ( data . f3 ) : ternary ;  ( ( data . f4 ) : ternary ;  .FieldMatchs ) ) ) </reads> <acts> actions { setb1 ;  ( noop ;  .ActionNameItems ) } </acts> <opts> .TableOptionals </opts> <rules> ListItem ( $rule ( 0 , $ctr ( ListItem ( $pair ( @val ( 269554195 , 32 , false ) , @val ( 4294967295 , 32 , false ) ) ) ListItem ( $pair ( @val ( 539042339 , 32 , false ) , @val ( 4294967295 , 32 , false ) ) ) ListItem ( $pair ( @val ( 808530483 , 32 , false ) , @val ( 4294967295 , 32 , false ) ) ) ListItem ( $pair ( @val ( 1078018627 , 32 , false ) , @val ( 4294967295 , 32 , false ) ) ) ) , @call ( setb1 , $resolved ( ListItem ( @val ( 127 , 0 , false ) ) ListItem ( @val ( 2 , 0 , false ) ) ) ) ) ) </rules> <default> . </default> </table> </tables> <controlFlows> <control> <name> ingress </name> <body> apply ( test1 ) { .HitMissCases }  .ControlStatements </body> </control> </controlFlows> <cfset> SetItem ( ingress ) </cfset> <calcFieldSet> .Set </calcFieldSet> <ctx> <frameStack> .List </frameStack> <crnt> "$rule" |-> . "$table" |-> . "$action" |-> setb1 "$miss" |-> false </crnt> </ctx> <packet> "0001000000010001000100100001001100100000001000010010001000100011001100000011000100110010001100110100000001000001010000100100001101010101011001100111011110001000" </packet> <packetout> .List </packetout> <parser> <graph> <onpath> .Set </onpath> <marked> <mstates> SetItem ( start ) </mstates> <mheaders> SetItem ( data ) </mheaders> </marked> <dporder> ListItem ( data ) </dporder> </graph> <pctx> <index> 144 </index> <lastExt> data </lastExt> <varWidth> . </varWidth> <packetSize> @val ( 20 , 0 , false ) </packetSize> </pctx> </parser> <buffer> <in> .List </in> <out> ListItem ( $packet ( ListItem ( @val ( 269554195 , 32 , false ) ) ListItem ( @val ( 539042339 , 32 , false ) ) ListItem ( @val ( 808530483 , 32 , false ) ) ListItem ( @val ( 1078018627 , 32 , false ) ) ListItem ( @val ( 127 , 8 , false ) ) ListItem ( @val ( 102 , 8 , false ) ) ListItem ( @val ( 30600 , 16 , false ) ) , 2 ) ) </out> </buffer> </T>
