<T> <k> @nextPacket </k> <headers> <header> <name> %standard_metadata_t </name> <opts> .Map </opts> <fields> egress_spec : 32 ( .FieldMods ) ;  ( egress_spec : 32 ( .FieldMods ) ;  .FieldDecs ) </fields> </header> <header> <name> data_t </name> <opts> "$fixed_width" |-> 144 </opts> <fields> f1 : 32 ( .FieldMods ) ;  ( f2 : 32 ( .FieldMods ) ;  ( f3 : 32 ( .FieldMods ) ;  ( f4 : 32 ( .FieldMods ) ;  ( b1 : 8 ( .FieldMods ) ;  ( b2 : 8 ( .FieldMods ) ;  .FieldDecs ) ) ) ) ) </fields> </header> </headers> <arrays> .Map </arrays> <fieldLists> .FieldListCellBag </fieldLists> <fieldListCalcs> .FieldListCalcCellBag </fieldListCalcs> <calcFields> .CalcFieldCellBag </calcFields> <instances> <instance> <valid> true </valid> <metadata> true </metadata> <typeName> %standard_metadata_t </typeName> <name> standard_metadata </name> <fieldVals> ingress_port |-> @val ( 0 , 32 , false ) egress_spec |-> @val ( 4 , 32 , false ) </fieldVals> </instance> <instance> <valid> true </valid> <metadata> false </metadata> <typeName> data_t </typeName> <name> data </name> <fieldVals> f2 |-> @val ( 286331153 , 32 , false ) f1 |-> @val ( 286331153 , 32 , false ) f4 |-> @val ( 0 , 32 , false ) f3 |-> @val ( 4369 , 32 , false ) b2 |-> @val ( 102 , 8 , false ) b1 |-> @val ( 19 , 8 , false ) </fieldVals> </instance> </instances> <initInstances> <instances>-fragment <instance> <valid> true </valid> <metadata> true </metadata> <typeName> %standard_metadata_t </typeName> <name> standard_metadata </name> <fieldVals> ingress_port |-> @undef egress_spec |-> @undef </fieldVals> </instance> <instance> <valid> false </valid> <metadata> false </metadata> <typeName> data_t </typeName> <name> data </name> <fieldVals> .Map </fieldVals> </instance> </instances>-fragment </initInstances> <initArrays> .Map </initArrays> <parserStates> <state> <name> start </name> <body> ( extract ( data ) ; .ExtractOrSetStatements ) return ingress ; </body> </state> </parserStates> <valueSets> .ValueSetCellBag </valueSets> <exceptionHandlers> .ExceptionHandlerCellBag </exceptionHandlers> <handledExceptions> .Set </handledExceptions> <statefuls> .StatefulCellBag </statefuls> <tableDirects> .Map </tableDirects> <actions> <action> <name> setb1 </name> <params> val , ( port , .ParamList ) </params> <body> modify_field ( ( data . b1 ) , ( val , .Args ) ) ;  ( modify_field ( ( standard_metadata . egress_spec ) , ( port , .Args ) ) ;  .ActionStatements ) </body> </action> <action> <name> noop </name> <params> .ParamList </params> <body> .ActionStatements </body> </action> </actions> <actionProfiles> .ActionProfileCellBag </actionProfiles> <actionSelectors> .ActionSelectorCellBag </actionSelectors> <tables> <table> <name> test1 </name> <reads> ( data . f1 ) : ternary ;  ( ( data . f2 ) : ternary ;  ( ( data . f3 ) : ternary ;  ( ( data . f4 ) : ternary ;  .FieldMatchs ) ) ) </reads> <acts> actions { setb1 ;  ( noop ;  .ActionNameItems ) } </acts> <opts> size : 10000 ;  .TableOptionals </opts> <rules> ListItem ( $rule ( 19 , $ctr ( ListItem ( $pair ( @val ( 0 , 0 , false ) , @val ( 0 , 0 , false ) ) ) ListItem ( $pair ( @val ( 0 , 0 , false ) , @val ( 0 , 0 , false ) ) ) ListItem ( $pair ( @val ( 4096 , 32 , false ) , @val ( 61440 , 32 , false ) ) ) ListItem ( $pair ( @val ( 0 , 0 , false ) , @val ( 0 , 0 , false ) ) ) ) , @call ( setb1 , $resolved ( ListItem ( @val ( 19 , 0 , false ) ) ListItem ( @val ( 4 , 0 , false ) ) ) ) ) ) ListItem ( $rule ( 18 , $ctr ( ListItem ( $pair ( @val ( 0 , 0 , false ) , @val ( 0 , 0 , false ) ) ) ListItem ( $pair ( @val ( 0 , 0 , false ) , @val ( 0 , 0 , false ) ) ) ListItem ( $pair ( @val ( 256 , 32 , false ) , @val ( 3840 , 32 , false ) ) ) ListItem ( $pair ( @val ( 0 , 0 , false ) , @val ( 0 , 0 , false ) ) ) ) , @call ( setb1 , $resolved ( ListItem ( @val ( 18 , 0 , false ) ) ListItem ( @val ( 4 , 0 , false ) ) ) ) ) ) ListItem ( $rule ( 17 , $ctr ( ListItem ( $pair ( @val ( 0 , 0 , false ) , @val ( 0 , 0 , false ) ) ) ListItem ( $pair ( @val ( 0 , 0 , false ) , @val ( 0 , 0 , false ) ) ) ListItem ( $pair ( @val ( 16 , 32 , false ) , @val ( 240 , 32 , false ) ) ) ListItem ( $pair ( @val ( 0 , 0 , false ) , @val ( 0 , 0 , false ) ) ) ) , @call ( setb1 , $resolved ( ListItem ( @val ( 17 , 0 , false ) ) ListItem ( @val ( 4 , 0 , false ) ) ) ) ) ) ListItem ( $rule ( 16 , $ctr ( ListItem ( $pair ( @val ( 0 , 0 , false ) , @val ( 0 , 0 , false ) ) ) ListItem ( $pair ( @val ( 0 , 0 , false ) , @val ( 0 , 0 , false ) ) ) ListItem ( $pair ( @val ( 1 , 32 , false ) , @val ( 15 , 32 , false ) ) ) ListItem ( $pair ( @val ( 0 , 0 , false ) , @val ( 0 , 0 , false ) ) ) ) , @call ( setb1 , $resolved ( ListItem ( @val ( 16 , 0 , false ) ) ListItem ( @val ( 4 , 0 , false ) ) ) ) ) ) ListItem ( $rule ( 15 , $ctr ( ListItem ( $pair ( @val ( 0 , 0 , false ) , @val ( 0 , 0 , false ) ) ) ListItem ( $pair ( @val ( 268435456 , 32 , false ) , @val ( 4026531840 , 32 , false ) ) ) ListItem ( $pair ( @val ( 0 , 0 , false ) , @val ( 0 , 0 , false ) ) ) ListItem ( $pair ( @val ( 0 , 0 , false ) , @val ( 0 , 0 , false ) ) ) ) , @call ( setb1 , $resolved ( ListItem ( @val ( 15 , 0 , false ) ) ListItem ( @val ( 4 , 0 , false ) ) ) ) ) ) ListItem ( $rule ( 14 , $ctr ( ListItem ( $pair ( @val ( 0 , 0 , false ) , @val ( 0 , 0 , false ) ) ) ListItem ( $pair ( @val ( 16777216 , 32 , false ) , @val ( 251658240 , 32 , false ) ) ) ListItem ( $pair ( @val ( 0 , 0 , false ) , @val ( 0 , 0 , false ) ) ) ListItem ( $pair ( @val ( 0 , 0 , false ) , @val ( 0 , 0 , false ) ) ) ) , @call ( setb1 , $resolved ( ListItem ( @val ( 14 , 0 , false ) ) ListItem ( @val ( 4 , 0 , false ) ) ) ) ) ) ListItem ( $rule ( 13 , $ctr ( ListItem ( $pair ( @val ( 0 , 0 , false ) , @val ( 0 , 0 , false ) ) ) ListItem ( $pair ( @val ( 1048576 , 32 , false ) , @val ( 15728640 , 32 , false ) ) ) ListItem ( $pair ( @val ( 0 , 0 , false ) , @val ( 0 , 0 , false ) ) ) ListItem ( $pair ( @val ( 0 , 0 , false ) , @val ( 0 , 0 , false ) ) ) ) , @call ( setb1 , $resolved ( ListItem ( @val ( 13 , 0 , false ) ) ListItem ( @val ( 4 , 0 , false ) ) ) ) ) ) ListItem ( $rule ( 12 , $ctr ( ListItem ( $pair ( @val ( 0 , 0 , false ) , @val ( 0 , 0 , false ) ) ) ListItem ( $pair ( @val ( 65536 , 32 , false ) , @val ( 983040 , 32 , false ) ) ) ListItem ( $pair ( @val ( 0 , 0 , false ) , @val ( 0 , 0 , false ) ) ) ListItem ( $pair ( @val ( 0 , 0 , false ) , @val ( 0 , 0 , false ) ) ) ) , @call ( setb1 , $resolved ( ListItem ( @val ( 12 , 0 , false ) ) ListItem ( @val ( 4 , 0 , false ) ) ) ) ) ) ListItem ( $rule ( 11 , $ctr ( ListItem ( $pair ( @val ( 0 , 0 , false ) , @val ( 0 , 0 , false ) ) ) ListItem ( $pair ( @val ( 4096 , 32 , false ) , @val ( 61440 , 32 , false ) ) ) ListItem ( $pair ( @val ( 0 , 0 , false ) , @val ( 0 , 0 , false ) ) ) ListItem ( $pair ( @val ( 0 , 0 , false ) , @val ( 0 , 0 , false ) ) ) ) , @call ( setb1 , $resolved ( ListItem ( @val ( 11 , 0 , false ) ) ListItem ( @val ( 4 , 0 , false ) ) ) ) ) ) ListItem ( $rule ( 10 , $ctr ( ListItem ( $pair ( @val ( 0 , 0 , false ) , @val ( 0 , 0 , false ) ) ) ListItem ( $pair ( @val ( 256 , 32 , false ) , @val ( 3840 , 32 , false ) ) ) ListItem ( $pair ( @val ( 0 , 0 , false ) , @val ( 0 , 0 , false ) ) ) ListItem ( $pair ( @val ( 0 , 0 , false ) , @val ( 0 , 0 , false ) ) ) ) , @call ( setb1 , $resolved ( ListItem ( @val ( 10 , 0 , false ) ) ListItem ( @val ( 4 , 0 , false ) ) ) ) ) ) ListItem ( $rule ( 9 , $ctr ( ListItem ( $pair ( @val ( 0 , 0 , false ) , @val ( 0 , 0 , false ) ) ) ListItem ( $pair ( @val ( 16 , 32 , false ) , @val ( 240 , 32 , false ) ) ) ListItem ( $pair ( @val ( 0 , 0 , false ) , @val ( 0 , 0 , false ) ) ) ListItem ( $pair ( @val ( 0 , 0 , false ) , @val ( 0 , 0 , false ) ) ) ) , @call ( setb1 , $resolved ( ListItem ( @val ( 9 , 0 , false ) ) ListItem ( @val ( 4 , 0 , false ) ) ) ) ) ) ListItem ( $rule ( 8 , $ctr ( ListItem ( $pair ( @val ( 0 , 0 , false ) , @val ( 0 , 0 , false ) ) ) ListItem ( $pair ( @val ( 1 , 32 , false ) , @val ( 15 , 32 , false ) ) ) ListItem ( $pair ( @val ( 0 , 0 , false ) , @val ( 0 , 0 , false ) ) ) ListItem ( $pair ( @val ( 0 , 0 , false ) , @val ( 0 , 0 , false ) ) ) ) , @call ( setb1 , $resolved ( ListItem ( @val ( 8 , 0 , false ) ) ListItem ( @val ( 4 , 0 , false ) ) ) ) ) ) ListItem ( $rule ( 7 , $ctr ( ListItem ( $pair ( @val ( 268435456 , 32 , false ) , @val ( 4026531840 , 32 , false ) ) ) ListItem ( $pair ( @val ( 0 , 0 , false ) , @val ( 0 , 0 , false ) ) ) ListItem ( $pair ( @val ( 0 , 0 , false ) , @val ( 0 , 0 , false ) ) ) ListItem ( $pair ( @val ( 0 , 0 , false ) , @val ( 0 , 0 , false ) ) ) ) , @call ( setb1 , $resolved ( ListItem ( @val ( 7 , 0 , false ) ) ListItem ( @val ( 4 , 0 , false ) ) ) ) ) ) ListItem ( $rule ( 6 , $ctr ( ListItem ( $pair ( @val ( 16777216 , 32 , false ) , @val ( 251658240 , 32 , false ) ) ) ListItem ( $pair ( @val ( 0 , 0 , false ) , @val ( 0 , 0 , false ) ) ) ListItem ( $pair ( @val ( 0 , 0 , false ) , @val ( 0 , 0 , false ) ) ) ListItem ( $pair ( @val ( 0 , 0 , false ) , @val ( 0 , 0 , false ) ) ) ) , @call ( setb1 , $resolved ( ListItem ( @val ( 6 , 0 , false ) ) ListItem ( @val ( 4 , 0 , false ) ) ) ) ) ) ListItem ( $rule ( 5 , $ctr ( ListItem ( $pair ( @val ( 1048576 , 32 , false ) , @val ( 15728640 , 32 , false ) ) ) ListItem ( $pair ( @val ( 0 , 0 , false ) , @val ( 0 , 0 , false ) ) ) ListItem ( $pair ( @val ( 0 , 0 , false ) , @val ( 0 , 0 , false ) ) ) ListItem ( $pair ( @val ( 0 , 0 , false ) , @val ( 0 , 0 , false ) ) ) ) , @call ( setb1 , $resolved ( ListItem ( @val ( 5 , 0 , false ) ) ListItem ( @val ( 4 , 0 , false ) ) ) ) ) ) ListItem ( $rule ( 4 , $ctr ( ListItem ( $pair ( @val ( 65536 , 32 , false ) , @val ( 983040 , 32 , false ) ) ) ListItem ( $pair ( @val ( 0 , 0 , false ) , @val ( 0 , 0 , false ) ) ) ListItem ( $pair ( @val ( 0 , 0 , false ) , @val ( 0 , 0 , false ) ) ) ListItem ( $pair ( @val ( 0 , 0 , false ) , @val ( 0 , 0 , false ) ) ) ) , @call ( setb1 , $resolved ( ListItem ( @val ( 4 , 0 , false ) ) ListItem ( @val ( 4 , 0 , false ) ) ) ) ) ) ListItem ( $rule ( 3 , $ctr ( ListItem ( $pair ( @val ( 4096 , 32 , false ) , @val ( 61440 , 32 , false ) ) ) ListItem ( $pair ( @val ( 0 , 0 , false ) , @val ( 0 , 0 , false ) ) ) ListItem ( $pair ( @val ( 0 , 0 , false ) , @val ( 0 , 0 , false ) ) ) ListItem ( $pair ( @val ( 0 , 0 , false ) , @val ( 0 , 0 , false ) ) ) ) , @call ( setb1 , $resolved ( ListItem ( @val ( 3 , 0 , false ) ) ListItem ( @val ( 4 , 0 , false ) ) ) ) ) ) ListItem ( $rule ( 2 , $ctr ( ListItem ( $pair ( @val ( 256 , 32 , false ) , @val ( 3840 , 32 , false ) ) ) ListItem ( $pair ( @val ( 0 , 0 , false ) , @val ( 0 , 0 , false ) ) ) ListItem ( $pair ( @val ( 0 , 0 , false ) , @val ( 0 , 0 , false ) ) ) ListItem ( $pair ( @val ( 0 , 0 , false ) , @val ( 0 , 0 , false ) ) ) ) , @call ( setb1 , $resolved ( ListItem ( @val ( 2 , 0 , false ) ) ListItem ( @val ( 4 , 0 , false ) ) ) ) ) ) ListItem ( $rule ( 1 , $ctr ( ListItem ( $pair ( @val ( 16 , 32 , false ) , @val ( 240 , 32 , false ) ) ) ListItem ( $pair ( @val ( 0 , 0 , false ) , @val ( 0 , 0 , false ) ) ) ListItem ( $pair ( @val ( 0 , 0 , false ) , @val ( 0 , 0 , false ) ) ) ListItem ( $pair ( @val ( 0 , 0 , false ) , @val ( 0 , 0 , false ) ) ) ) , @call ( setb1 , $resolved ( ListItem ( @val ( 1 , 0 , false ) ) ListItem ( @val ( 4 , 0 , false ) ) ) ) ) ) ListItem ( $rule ( 0 , $ctr ( ListItem ( $pair ( @val ( 1 , 32 , false ) , @val ( 15 , 32 , false ) ) ) ListItem ( $pair ( @val ( 0 , 0 , false ) , @val ( 0 , 0 , false ) ) ) ListItem ( $pair ( @val ( 0 , 0 , false ) , @val ( 0 , 0 , false ) ) ) ListItem ( $pair ( @val ( 0 , 0 , false ) , @val ( 0 , 0 , false ) ) ) ) , @call ( setb1 , $resolved ( ListItem ( @val ( 0 , 0 , false ) ) ListItem ( @val ( 4 , 0 , false ) ) ) ) ) ) </rules> <default> . </default> </table> </tables> <controlFlows> <control> <name> ingress </name> <body> apply ( test1 ) { .HitMissCases }  .ControlStatements </body> </control> </controlFlows> <cfset> SetItem ( ingress ) </cfset> <calcFieldSet> .Set </calcFieldSet> <ctx> <frameStack> .List </frameStack> <crnt> "$rule" |-> . "$table" |-> . "$action" |-> setb1 "$miss" |-> false </crnt> </ctx> <packet> "000100010001000100010001000100010001000100010001000100010001000100000000000000000001000100010001000000000000000000000000000000000101010101100110" </packet> <packetout> .List </packetout> <parser> <graph> <onpath> .Set </onpath> <marked> <mstates> SetItem ( start ) </mstates> <mheaders> SetItem ( data ) </mheaders> </marked> <dporder> ListItem ( data ) </dporder> </graph> <pctx> <index> 144 </index> <lastExt> data </lastExt> <varWidth> . </varWidth> <packetSize> @val ( 18 , 0 , false ) </packetSize> </pctx> </parser> <buffer> <in> .List </in> <out> ListItem ( $packet ( ListItem ( @val ( 1 , 32 , false ) ) ListItem ( @val ( 0 , 32 , false ) ) ListItem ( @val ( 0 , 32 , false ) ) ListItem ( @val ( 0 , 32 , false ) ) ListItem ( @val ( 0 , 8 , false ) ) ListItem ( @val ( 102 , 8 , false ) ) , 4 ) ) ListItem ( $packet ( ListItem ( @val ( 17 , 32 , false ) ) ListItem ( @val ( 0 , 32 , false ) ) ListItem ( @val ( 0 , 32 , false ) ) ListItem ( @val ( 0 , 32 , false ) ) ListItem ( @val ( 1 , 8 , false ) ) ListItem ( @val ( 102 , 8 , false ) ) , 4 ) ) ListItem ( $packet ( ListItem ( @val ( 273 , 32 , false ) ) ListItem ( @val ( 0 , 32 , false ) ) ListItem ( @val ( 0 , 32 , false ) ) ListItem ( @val ( 0 , 32 , false ) ) ListItem ( @val ( 2 , 8 , false ) ) ListItem ( @val ( 102 , 8 , false ) ) , 4 ) ) ListItem ( $packet ( ListItem ( @val ( 4369 , 32 , false ) ) ListItem ( @val ( 0 , 32 , false ) ) ListItem ( @val ( 0 , 32 , false ) ) ListItem ( @val ( 0 , 32 , false ) ) ListItem ( @val ( 3 , 8 , false ) ) ListItem ( @val ( 102 , 8 , false ) ) , 4 ) ) ListItem ( $packet ( ListItem ( @val ( 69905 , 32 , false ) ) ListItem ( @val ( 0 , 32 , false ) ) ListItem ( @val ( 0 , 32 , false ) ) ListItem ( @val ( 0 , 32 , false ) ) ListItem ( @val ( 4 , 8 , false ) ) ListItem ( @val ( 102 , 8 , false ) ) , 4 ) ) ListItem ( $packet ( ListItem ( @val ( 1118481 , 32 , false ) ) ListItem ( @val ( 0 , 32 , false ) ) ListItem ( @val ( 0 , 32 , false ) ) ListItem ( @val ( 0 , 32 , false ) ) ListItem ( @val ( 5 , 8 , false ) ) ListItem ( @val ( 102 , 8 , false ) ) , 4 ) ) ListItem ( $packet ( ListItem ( @val ( 17895697 , 32 , false ) ) ListItem ( @val ( 0 , 32 , false ) ) ListItem ( @val ( 0 , 32 , false ) ) ListItem ( @val ( 0 , 32 , false ) ) ListItem ( @val ( 6 , 8 , false ) ) ListItem ( @val ( 102 , 8 , false ) ) , 4 ) ) ListItem ( $packet ( ListItem ( @val ( 286331153 , 32 , false ) ) ListItem ( @val ( 0 , 32 , false ) ) ListItem ( @val ( 0 , 32 , false ) ) ListItem ( @val ( 0 , 32 , false ) ) ListItem ( @val ( 7 , 8 , false ) ) ListItem ( @val ( 102 , 8 , false ) ) , 4 ) ) ListItem ( $packet ( ListItem ( @val ( 286331153 , 32 , false ) ) ListItem ( @val ( 1 , 32 , false ) ) ListItem ( @val ( 0 , 32 , false ) ) ListItem ( @val ( 0 , 32 , false ) ) ListItem ( @val ( 8 , 8 , false ) ) ListItem ( @val ( 102 , 8 , false ) ) , 4 ) ) ListItem ( $packet ( ListItem ( @val ( 286331153 , 32 , false ) ) ListItem ( @val ( 17 , 32 , false ) ) ListItem ( @val ( 0 , 32 , false ) ) ListItem ( @val ( 0 , 32 , false ) ) ListItem ( @val ( 9 , 8 , false ) ) ListItem ( @val ( 102 , 8 , false ) ) , 4 ) ) ListItem ( $packet ( ListItem ( @val ( 286331153 , 32 , false ) ) ListItem ( @val ( 273 , 32 , false ) ) ListItem ( @val ( 0 , 32 , false ) ) ListItem ( @val ( 0 , 32 , false ) ) ListItem ( @val ( 10 , 8 , false ) ) ListItem ( @val ( 102 , 8 , false ) ) , 4 ) ) ListItem ( $packet ( ListItem ( @val ( 286331153 , 32 , false ) ) ListItem ( @val ( 4369 , 32 , false ) ) ListItem ( @val ( 0 , 32 , false ) ) ListItem ( @val ( 0 , 32 , false ) ) ListItem ( @val ( 11 , 8 , false ) ) ListItem ( @val ( 102 , 8 , false ) ) , 4 ) ) ListItem ( $packet ( ListItem ( @val ( 286331153 , 32 , false ) ) ListItem ( @val ( 69905 , 32 , false ) ) ListItem ( @val ( 0 , 32 , false ) ) ListItem ( @val ( 0 , 32 , false ) ) ListItem ( @val ( 12 , 8 , false ) ) ListItem ( @val ( 102 , 8 , false ) ) , 4 ) ) ListItem ( $packet ( ListItem ( @val ( 286331153 , 32 , false ) ) ListItem ( @val ( 1118481 , 32 , false ) ) ListItem ( @val ( 0 , 32 , false ) ) ListItem ( @val ( 0 , 32 , false ) ) ListItem ( @val ( 13 , 8 , false ) ) ListItem ( @val ( 102 , 8 , false ) ) , 4 ) ) ListItem ( $packet ( ListItem ( @val ( 286331153 , 32 , false ) ) ListItem ( @val ( 17895697 , 32 , false ) ) ListItem ( @val ( 0 , 32 , false ) ) ListItem ( @val ( 0 , 32 , false ) ) ListItem ( @val ( 14 , 8 , false ) ) ListItem ( @val ( 102 , 8 , false ) ) , 4 ) ) ListItem ( $packet ( ListItem ( @val ( 286331153 , 32 , false ) ) ListItem ( @val ( 286331153 , 32 , false ) ) ListItem ( @val ( 0 , 32 , false ) ) ListItem ( @val ( 0 , 32 , false ) ) ListItem ( @val ( 15 , 8 , false ) ) ListItem ( @val ( 102 , 8 , false ) ) , 4 ) ) ListItem ( $packet ( ListItem ( @val ( 286331153 , 32 , false ) ) ListItem ( @val ( 286331153 , 32 , false ) ) ListItem ( @val ( 1 , 32 , false ) ) ListItem ( @val ( 0 , 32 , false ) ) ListItem ( @val ( 16 , 8 , false ) ) ListItem ( @val ( 102 , 8 , false ) ) , 4 ) ) ListItem ( $packet ( ListItem ( @val ( 286331153 , 32 , false ) ) ListItem ( @val ( 286331153 , 32 , false ) ) ListItem ( @val ( 17 , 32 , false ) ) ListItem ( @val ( 0 , 32 , false ) ) ListItem ( @val ( 17 , 8 , false ) ) ListItem ( @val ( 102 , 8 , false ) ) , 4 ) ) ListItem ( $packet ( ListItem ( @val ( 286331153 , 32 , false ) ) ListItem ( @val ( 286331153 , 32 , false ) ) ListItem ( @val ( 273 , 32 , false ) ) ListItem ( @val ( 0 , 32 , false ) ) ListItem ( @val ( 18 , 8 , false ) ) ListItem ( @val ( 102 , 8 , false ) ) , 4 ) ) ListItem ( $packet ( ListItem ( @val ( 286331153 , 32 , false ) ) ListItem ( @val ( 286331153 , 32 , false ) ) ListItem ( @val ( 4369 , 32 , false ) ) ListItem ( @val ( 0 , 32 , false ) ) ListItem ( @val ( 19 , 8 , false ) ) ListItem ( @val ( 102 , 8 , false ) ) , 4 ) ) </out> </buffer> </T>

