00010000000100010001001000010011************************************************************************************************0111111101100110 2